2025-11-10 22:31:36 [restartedMain] INFO  c.c.R.ResumeEmailSenderApplication - Starting ResumeEmailSenderApplication using Java 17.0.11 with PID 7484 (C:\Users\chand\Desktop\Projects\Practice\Projects\Automatic-Email-Sender-Hr\target\classes started by chand in C:\Users\chand\Desktop\Projects\Practice\Projects\Automatic-Email-Sender-Hr)
2025-11-10 22:31:36 [restartedMain] INFO  c.c.R.ResumeEmailSenderApplication - No active profile set, falling back to 1 default profile: "default"
2025-11-10 22:31:37 [restartedMain] INFO  o.s.b.d.e.DevToolsPropertyDefaultsPostProcessor - Devtools property defaults active! Set 'spring.devtools.add-properties' to 'false' to disable
2025-11-10 22:31:37 [restartedMain] INFO  o.s.b.d.e.DevToolsPropertyDefaultsPostProcessor - For additional web related logging consider setting the 'logging.level.web' property to 'DEBUG'
2025-11-10 22:31:38 [restartedMain] INFO  o.s.b.w.e.tomcat.TomcatWebServer - Tomcat initialized with port 8080 (http)
2025-11-10 22:31:38 [restartedMain] INFO  o.a.catalina.core.StandardService - Starting service [Tomcat]
2025-11-10 22:31:38 [restartedMain] INFO  o.a.catalina.core.StandardEngine - Starting Servlet engine: [Apache Tomcat/10.1.34]
2025-11-10 22:31:38 [restartedMain] INFO  o.a.c.c.C.[Tomcat].[localhost].[/] - Initializing Spring embedded WebApplicationContext
2025-11-10 22:31:38 [restartedMain] INFO  o.s.b.w.s.c.ServletWebServerApplicationContext - Root WebApplicationContext: initialization completed in 1368 ms
2025-11-10 22:31:39 [restartedMain] INFO  org.quartz.impl.StdSchedulerFactory - Using default implementation for ThreadExecutor
2025-11-10 22:31:39 [restartedMain] INFO  o.quartz.core.SchedulerSignalerImpl - Initialized Scheduler Signaller of type: class org.quartz.core.SchedulerSignalerImpl
2025-11-10 22:31:39 [restartedMain] INFO  org.quartz.core.QuartzScheduler - Quartz Scheduler v.2.3.2 created.
2025-11-10 22:31:39 [restartedMain] INFO  org.quartz.simpl.RAMJobStore - RAMJobStore initialized.
2025-11-10 22:31:39 [restartedMain] INFO  org.quartz.core.QuartzScheduler - Scheduler meta-data: Quartz Scheduler (v2.3.2) 'quartzScheduler' with instanceId 'NON_CLUSTERED'
  Scheduler class: 'org.quartz.core.QuartzScheduler' - running locally.
  NOT STARTED.
  Currently in standby mode.
  Number of jobs executed: 0
  Using thread pool 'org.quartz.simpl.SimpleThreadPool' - with 10 threads.
  Using job-store 'org.quartz.simpl.RAMJobStore' - which does not support persistence. and is not clustered.

2025-11-10 22:31:39 [restartedMain] INFO  org.quartz.impl.StdSchedulerFactory - Quartz scheduler 'quartzScheduler' initialized from an externally provided properties instance.
2025-11-10 22:31:39 [restartedMain] INFO  org.quartz.impl.StdSchedulerFactory - Quartz scheduler version: 2.3.2
2025-11-10 22:31:39 [restartedMain] INFO  org.quartz.core.QuartzScheduler - JobFactory set to: org.springframework.scheduling.quartz.SpringBeanJobFactory@1a691179
2025-11-10 22:31:39 [restartedMain] INFO  o.s.b.d.a.OptionalLiveReloadServer - LiveReload server is running on port 35729
2025-11-10 22:31:39 [restartedMain] INFO  o.s.b.a.e.web.EndpointLinksResolver - Exposing 1 endpoint beneath base path '/actuator'
2025-11-10 22:31:39 [restartedMain] INFO  o.s.b.w.e.tomcat.TomcatWebServer - Tomcat started on port 8080 (http) with context path '/'
2025-11-10 22:31:39 [restartedMain] INFO  o.s.s.quartz.SchedulerFactoryBean - Starting Quartz Scheduler now
2025-11-10 22:31:39 [restartedMain] INFO  org.quartz.core.QuartzScheduler - Scheduler quartzScheduler_$_NON_CLUSTERED started.
2025-11-10 22:31:39 [restartedMain] INFO  c.c.R.ResumeEmailSenderApplication - Started ResumeEmailSenderApplication in 3.067 seconds (process running for 3.711)
2025-11-10 22:31:39 [scheduling-1] INFO  c.c.R.service.ExcelReaderService - Reading HR details from Excel file: C:/Users/chand/Desktop/Practice/Projects/Automatic-Email-Sender-Hr/uploads/hr.xlsx
2025-11-10 22:31:39 [scheduling-1] ERROR c.c.R.service.ExcelReaderService - Error reading Excel file: C:\Users\chand\Desktop\Practice\Projects\Automatic-Email-Sender-Hr\uploads\hr.xlsx (The system cannot find the path specified)
java.io.FileNotFoundException: C:\Users\chand\Desktop\Practice\Projects\Automatic-Email-Sender-Hr\uploads\hr.xlsx (The system cannot find the path specified)
	at java.base/java.io.FileInputStream.open0(Native Method)
	at java.base/java.io.FileInputStream.open(FileInputStream.java:216)
	at java.base/java.io.FileInputStream.<init>(FileInputStream.java:157)
	at java.base/java.io.FileInputStream.<init>(FileInputStream.java:111)
	at com.chandu.ResumeEmailSender.service.ExcelReaderService.readHrDetails(ExcelReaderService.java:28)
	at com.chandu.ResumeEmailSender.schedulars.EmailSchedulerService.initialize(EmailSchedulerService.java:41)
	at com.chandu.ResumeEmailSender.schedulars.EmailSchedulerService.sendNextBatchOfEmails(EmailSchedulerService.java:51)
	at java.base/jdk.internal.reflect.NativeMethodAccessorImpl.invoke0(Native Method)
	at java.base/jdk.internal.reflect.NativeMethodAccessorImpl.invoke(NativeMethodAccessorImpl.java:77)
	at java.base/jdk.internal.reflect.DelegatingMethodAccessorImpl.invoke(DelegatingMethodAccessorImpl.java:43)
	at java.base/java.lang.reflect.Method.invoke(Method.java:568)
	at org.springframework.scheduling.support.ScheduledMethodRunnable.runInternal(ScheduledMethodRunnable.java:130)
	at org.springframework.scheduling.support.ScheduledMethodRunnable.lambda$run$2(ScheduledMethodRunnable.java:124)
	at io.micrometer.observation.Observation.observe(Observation.java:498)
	at org.springframework.scheduling.support.ScheduledMethodRunnable.run(ScheduledMethodRunnable.java:124)
	at org.springframework.scheduling.config.Task$OutcomeTrackingRunnable.run(Task.java:85)
	at org.springframework.scheduling.support.DelegatingErrorHandlingRunnable.run(DelegatingErrorHandlingRunnable.java:54)
	at java.base/java.util.concurrent.Executors$RunnableAdapter.call(Executors.java:539)
	at java.base/java.util.concurrent.FutureTask.runAndReset(FutureTask.java:305)
	at java.base/java.util.concurrent.ScheduledThreadPoolExecutor$ScheduledFutureTask.run(ScheduledThreadPoolExecutor.java:305)
	at java.base/java.util.concurrent.ThreadPoolExecutor.runWorker(ThreadPoolExecutor.java:1136)
	at java.base/java.util.concurrent.ThreadPoolExecutor$Worker.run(ThreadPoolExecutor.java:635)
	at java.base/java.lang.Thread.run(Thread.java:840)
2025-11-10 22:31:39 [scheduling-1] ERROR o.s.s.s.TaskUtils$LoggingErrorHandler - Unexpected error occurred in scheduled task
java.lang.RuntimeException: Failed to read HR details from Excel file
	at com.chandu.ResumeEmailSender.service.ExcelReaderService.readHrDetails(ExcelReaderService.java:66)
	at com.chandu.ResumeEmailSender.schedulars.EmailSchedulerService.initialize(EmailSchedulerService.java:41)
	at com.chandu.ResumeEmailSender.schedulars.EmailSchedulerService.sendNextBatchOfEmails(EmailSchedulerService.java:51)
	at java.base/jdk.internal.reflect.NativeMethodAccessorImpl.invoke0(Native Method)
	at java.base/jdk.internal.reflect.NativeMethodAccessorImpl.invoke(NativeMethodAccessorImpl.java:77)
	at java.base/jdk.internal.reflect.DelegatingMethodAccessorImpl.invoke(DelegatingMethodAccessorImpl.java:43)
	at java.base/java.lang.reflect.Method.invoke(Method.java:568)
	at org.springframework.scheduling.support.ScheduledMethodRunnable.runInternal(ScheduledMethodRunnable.java:130)
	at org.springframework.scheduling.support.ScheduledMethodRunnable.lambda$run$2(ScheduledMethodRunnable.java:124)
	at io.micrometer.observation.Observation.observe(Observation.java:498)
	at org.springframework.scheduling.support.ScheduledMethodRunnable.run(ScheduledMethodRunnable.java:124)
	at org.springframework.scheduling.config.Task$OutcomeTrackingRunnable.run(Task.java:85)
	at org.springframework.scheduling.support.DelegatingErrorHandlingRunnable.run(DelegatingErrorHandlingRunnable.java:54)
	at java.base/java.util.concurrent.Executors$RunnableAdapter.call(Executors.java:539)
	at java.base/java.util.concurrent.FutureTask.runAndReset(FutureTask.java:305)
	at java.base/java.util.concurrent.ScheduledThreadPoolExecutor$ScheduledFutureTask.run(ScheduledThreadPoolExecutor.java:305)
	at java.base/java.util.concurrent.ThreadPoolExecutor.runWorker(ThreadPoolExecutor.java:1136)
	at java.base/java.util.concurrent.ThreadPoolExecutor$Worker.run(ThreadPoolExecutor.java:635)
	at java.base/java.lang.Thread.run(Thread.java:840)
Caused by: java.io.FileNotFoundException: C:\Users\chand\Desktop\Practice\Projects\Automatic-Email-Sender-Hr\uploads\hr.xlsx (The system cannot find the path specified)
	at java.base/java.io.FileInputStream.open0(Native Method)
	at java.base/java.io.FileInputStream.open(FileInputStream.java:216)
	at java.base/java.io.FileInputStream.<init>(FileInputStream.java:157)
	at java.base/java.io.FileInputStream.<init>(FileInputStream.java:111)
	at com.chandu.ResumeEmailSender.service.ExcelReaderService.readHrDetails(ExcelReaderService.java:28)
	... 18 common frames omitted
2025-11-10 22:33:39 [scheduling-1] INFO  c.c.R.service.ExcelReaderService - Reading HR details from Excel file: C:/Users/chand/Desktop/Practice/Projects/Automatic-Email-Sender-Hr/uploads/hr.xlsx
2025-11-10 22:33:39 [scheduling-1] ERROR c.c.R.service.ExcelReaderService - Error reading Excel file: C:\Users\chand\Desktop\Practice\Projects\Automatic-Email-Sender-Hr\uploads\hr.xlsx (The system cannot find the path specified)
java.io.FileNotFoundException: C:\Users\chand\Desktop\Practice\Projects\Automatic-Email-Sender-Hr\uploads\hr.xlsx (The system cannot find the path specified)
	at java.base/java.io.FileInputStream.open0(Native Method)
	at java.base/java.io.FileInputStream.open(FileInputStream.java:216)
	at java.base/java.io.FileInputStream.<init>(FileInputStream.java:157)
	at java.base/java.io.FileInputStream.<init>(FileInputStream.java:111)
	at com.chandu.ResumeEmailSender.service.ExcelReaderService.readHrDetails(ExcelReaderService.java:28)
	at com.chandu.ResumeEmailSender.schedulars.EmailSchedulerService.initialize(EmailSchedulerService.java:41)
	at com.chandu.ResumeEmailSender.schedulars.EmailSchedulerService.sendNextBatchOfEmails(EmailSchedulerService.java:51)
	at java.base/jdk.internal.reflect.NativeMethodAccessorImpl.invoke0(Native Method)
	at java.base/jdk.internal.reflect.NativeMethodAccessorImpl.invoke(NativeMethodAccessorImpl.java:77)
	at java.base/jdk.internal.reflect.DelegatingMethodAccessorImpl.invoke(DelegatingMethodAccessorImpl.java:43)
	at java.base/java.lang.reflect.Method.invoke(Method.java:568)
	at org.springframework.scheduling.support.ScheduledMethodRunnable.runInternal(ScheduledMethodRunnable.java:130)
	at org.springframework.scheduling.support.ScheduledMethodRunnable.lambda$run$2(ScheduledMethodRunnable.java:124)
	at io.micrometer.observation.Observation.observe(Observation.java:498)
	at org.springframework.scheduling.support.ScheduledMethodRunnable.run(ScheduledMethodRunnable.java:124)
	at org.springframework.scheduling.config.Task$OutcomeTrackingRunnable.run(Task.java:85)
	at org.springframework.scheduling.support.DelegatingErrorHandlingRunnable.run(DelegatingErrorHandlingRunnable.java:54)
	at java.base/java.util.concurrent.Executors$RunnableAdapter.call(Executors.java:539)
	at java.base/java.util.concurrent.FutureTask.runAndReset(FutureTask.java:305)
	at java.base/java.util.concurrent.ScheduledThreadPoolExecutor$ScheduledFutureTask.run(ScheduledThreadPoolExecutor.java:305)
	at java.base/java.util.concurrent.ThreadPoolExecutor.runWorker(ThreadPoolExecutor.java:1136)
	at java.base/java.util.concurrent.ThreadPoolExecutor$Worker.run(ThreadPoolExecutor.java:635)
	at java.base/java.lang.Thread.run(Thread.java:840)
2025-11-10 22:33:39 [scheduling-1] ERROR o.s.s.s.TaskUtils$LoggingErrorHandler - Unexpected error occurred in scheduled task
java.lang.RuntimeException: Failed to read HR details from Excel file
	at com.chandu.ResumeEmailSender.service.ExcelReaderService.readHrDetails(ExcelReaderService.java:66)
	at com.chandu.ResumeEmailSender.schedulars.EmailSchedulerService.initialize(EmailSchedulerService.java:41)
	at com.chandu.ResumeEmailSender.schedulars.EmailSchedulerService.sendNextBatchOfEmails(EmailSchedulerService.java:51)
	at java.base/jdk.internal.reflect.NativeMethodAccessorImpl.invoke0(Native Method)
	at java.base/jdk.internal.reflect.NativeMethodAccessorImpl.invoke(NativeMethodAccessorImpl.java:77)
	at java.base/jdk.internal.reflect.DelegatingMethodAccessorImpl.invoke(DelegatingMethodAccessorImpl.java:43)
	at java.base/java.lang.reflect.Method.invoke(Method.java:568)
	at org.springframework.scheduling.support.ScheduledMethodRunnable.runInternal(ScheduledMethodRunnable.java:130)
	at org.springframework.scheduling.support.ScheduledMethodRunnable.lambda$run$2(ScheduledMethodRunnable.java:124)
	at io.micrometer.observation.Observation.observe(Observation.java:498)
	at org.springframework.scheduling.support.ScheduledMethodRunnable.run(ScheduledMethodRunnable.java:124)
	at org.springframework.scheduling.config.Task$OutcomeTrackingRunnable.run(Task.java:85)
	at org.springframework.scheduling.support.DelegatingErrorHandlingRunnable.run(DelegatingErrorHandlingRunnable.java:54)
	at java.base/java.util.concurrent.Executors$RunnableAdapter.call(Executors.java:539)
	at java.base/java.util.concurrent.FutureTask.runAndReset(FutureTask.java:305)
	at java.base/java.util.concurrent.ScheduledThreadPoolExecutor$ScheduledFutureTask.run(ScheduledThreadPoolExecutor.java:305)
	at java.base/java.util.concurrent.ThreadPoolExecutor.runWorker(ThreadPoolExecutor.java:1136)
	at java.base/java.util.concurrent.ThreadPoolExecutor$Worker.run(ThreadPoolExecutor.java:635)
	at java.base/java.lang.Thread.run(Thread.java:840)
Caused by: java.io.FileNotFoundException: C:\Users\chand\Desktop\Practice\Projects\Automatic-Email-Sender-Hr\uploads\hr.xlsx (The system cannot find the path specified)
	at java.base/java.io.FileInputStream.open0(Native Method)
	at java.base/java.io.FileInputStream.open(FileInputStream.java:216)
	at java.base/java.io.FileInputStream.<init>(FileInputStream.java:157)
	at java.base/java.io.FileInputStream.<init>(FileInputStream.java:111)
	at com.chandu.ResumeEmailSender.service.ExcelReaderService.readHrDetails(ExcelReaderService.java:28)
	... 18 common frames omitted
2025-11-10 22:35:14 [SpringApplicationShutdownHook] INFO  org.quartz.core.QuartzScheduler - Scheduler quartzScheduler_$_NON_CLUSTERED paused.
2025-11-10 22:35:14 [SpringApplicationShutdownHook] INFO  o.s.b.w.e.tomcat.GracefulShutdown - Commencing graceful shutdown. Waiting for active requests to complete
2025-11-10 22:35:14 [tomcat-shutdown] INFO  o.s.b.w.e.tomcat.GracefulShutdown - Graceful shutdown complete
2025-11-10 22:35:14 [SpringApplicationShutdownHook] INFO  o.s.s.quartz.SchedulerFactoryBean - Shutting down Quartz Scheduler
2025-11-10 22:35:14 [SpringApplicationShutdownHook] INFO  org.quartz.core.QuartzScheduler - Scheduler quartzScheduler_$_NON_CLUSTERED shutting down.
2025-11-10 22:35:14 [SpringApplicationShutdownHook] INFO  org.quartz.core.QuartzScheduler - Scheduler quartzScheduler_$_NON_CLUSTERED paused.
2025-11-10 22:35:14 [SpringApplicationShutdownHook] INFO  org.quartz.core.QuartzScheduler - Scheduler quartzScheduler_$_NON_CLUSTERED shutdown complete.
2025-11-10 22:37:28 [restartedMain] INFO  c.c.R.ResumeEmailSenderApplication - Starting ResumeEmailSenderApplication using Java 17.0.11 with PID 12520 (C:\Users\chand\Desktop\Projects\Practice\Projects\Automatic-Email-Sender-Hr\target\classes started by chand in C:\Users\chand\Desktop\Projects\Practice\Projects\Automatic-Email-Sender-Hr)
2025-11-10 22:37:28 [restartedMain] INFO  c.c.R.ResumeEmailSenderApplication - No active profile set, falling back to 1 default profile: "default"
2025-11-10 22:37:28 [restartedMain] INFO  o.s.b.d.e.DevToolsPropertyDefaultsPostProcessor - Devtools property defaults active! Set 'spring.devtools.add-properties' to 'false' to disable
2025-11-10 22:37:28 [restartedMain] INFO  o.s.b.d.e.DevToolsPropertyDefaultsPostProcessor - For additional web related logging consider setting the 'logging.level.web' property to 'DEBUG'
2025-11-10 22:37:30 [restartedMain] INFO  o.s.b.w.e.tomcat.TomcatWebServer - Tomcat initialized with port 8080 (http)
2025-11-10 22:37:30 [restartedMain] INFO  o.a.catalina.core.StandardService - Starting service [Tomcat]
2025-11-10 22:37:30 [restartedMain] INFO  o.a.catalina.core.StandardEngine - Starting Servlet engine: [Apache Tomcat/10.1.34]
2025-11-10 22:37:30 [restartedMain] INFO  o.a.c.c.C.[Tomcat].[localhost].[/] - Initializing Spring embedded WebApplicationContext
2025-11-10 22:37:30 [restartedMain] INFO  o.s.b.w.s.c.ServletWebServerApplicationContext - Root WebApplicationContext: initialization completed in 1413 ms
2025-11-10 22:37:31 [restartedMain] INFO  org.quartz.impl.StdSchedulerFactory - Using default implementation for ThreadExecutor
2025-11-10 22:37:31 [restartedMain] INFO  o.quartz.core.SchedulerSignalerImpl - Initialized Scheduler Signaller of type: class org.quartz.core.SchedulerSignalerImpl
2025-11-10 22:37:31 [restartedMain] INFO  org.quartz.core.QuartzScheduler - Quartz Scheduler v.2.3.2 created.
2025-11-10 22:37:31 [restartedMain] INFO  org.quartz.simpl.RAMJobStore - RAMJobStore initialized.
2025-11-10 22:37:31 [restartedMain] INFO  org.quartz.core.QuartzScheduler - Scheduler meta-data: Quartz Scheduler (v2.3.2) 'quartzScheduler' with instanceId 'NON_CLUSTERED'
  Scheduler class: 'org.quartz.core.QuartzScheduler' - running locally.
  NOT STARTED.
  Currently in standby mode.
  Number of jobs executed: 0
  Using thread pool 'org.quartz.simpl.SimpleThreadPool' - with 10 threads.
  Using job-store 'org.quartz.simpl.RAMJobStore' - which does not support persistence. and is not clustered.

2025-11-10 22:37:31 [restartedMain] INFO  org.quartz.impl.StdSchedulerFactory - Quartz scheduler 'quartzScheduler' initialized from an externally provided properties instance.
2025-11-10 22:37:31 [restartedMain] INFO  org.quartz.impl.StdSchedulerFactory - Quartz scheduler version: 2.3.2
2025-11-10 22:37:31 [restartedMain] INFO  org.quartz.core.QuartzScheduler - JobFactory set to: org.springframework.scheduling.quartz.SpringBeanJobFactory@800a531
2025-11-10 22:37:31 [restartedMain] INFO  o.s.b.d.a.OptionalLiveReloadServer - LiveReload server is running on port 35729
2025-11-10 22:37:31 [restartedMain] INFO  o.s.b.a.e.web.EndpointLinksResolver - Exposing 1 endpoint beneath base path '/actuator'
2025-11-10 22:37:31 [restartedMain] INFO  o.s.b.w.e.tomcat.TomcatWebServer - Tomcat started on port 8080 (http) with context path '/'
2025-11-10 22:37:31 [restartedMain] INFO  o.s.s.quartz.SchedulerFactoryBean - Starting Quartz Scheduler now
2025-11-10 22:37:31 [restartedMain] INFO  org.quartz.core.QuartzScheduler - Scheduler quartzScheduler_$_NON_CLUSTERED started.
2025-11-10 22:37:31 [restartedMain] INFO  c.c.R.ResumeEmailSenderApplication - Started ResumeEmailSenderApplication in 3.016 seconds (process running for 3.421)
2025-11-10 22:37:31 [scheduling-1] INFO  c.c.R.service.ExcelReaderService - Reading HR details from Excel file: C:/Users/chand/Desktop/Projects/Practice/Projects/Automatic-Email-Sender-Hr/uploads/hr.xlsx
2025-11-10 22:37:32 [scheduling-1] INFO  c.c.R.service.ExcelReaderService - Total Rows Found: 190
2025-11-10 22:37:32 [scheduling-1] INFO  c.c.R.service.ExcelReaderService - Successfully read 189 valid HR contacts from Excel
2025-11-10 22:37:32 [scheduling-1] INFO  c.c.R.s.EmailSchedulerService - Initialized with 189 HR contacts
2025-11-10 22:37:38 [scheduling-1] INFO  c.c.R.service.EmailService - Email sent successfully to: alok.kumar@vfislk.com
2025-11-10 22:37:38 [scheduling-1] INFO  c.c.R.s.EmailSchedulerService - Email sent to: alok.kumar@vfislk.com at VFI SLK
2025-11-10 22:37:38 [scheduling-1] INFO  c.c.R.s.EmailSchedulerService - Progress: 1/189 emails sent
2025-11-10 22:39:44 [scheduling-1] INFO  c.c.R.service.EmailService - Email sent successfully to: alwyn.barretto@infrasofttech.com
2025-11-10 22:39:44 [scheduling-1] INFO  c.c.R.s.EmailSchedulerService - Email sent to: alwyn.barretto@infrasofttech.com at Infrasoft Technologies
2025-11-10 22:39:44 [scheduling-1] INFO  c.c.R.s.EmailSchedulerService - Progress: 2/189 emails sent
2025-11-10 22:41:50 [scheduling-1] INFO  c.c.R.service.EmailService - Email sent successfully to: aman.khan@areteanstech.com
2025-11-10 22:41:50 [scheduling-1] INFO  c.c.R.s.EmailSchedulerService - Email sent to: aman.khan@areteanstech.com at Areteans
2025-11-10 22:41:50 [scheduling-1] INFO  c.c.R.s.EmailSchedulerService - Progress: 3/189 emails sent
2025-11-10 22:43:55 [scheduling-1] INFO  c.c.R.service.EmailService - Email sent successfully to: amandeep.k@antiersolutions.com
2025-11-10 22:43:55 [scheduling-1] INFO  c.c.R.s.EmailSchedulerService - Email sent to: amandeep.k@antiersolutions.com at Antier Solutions
2025-11-10 22:43:55 [scheduling-1] INFO  c.c.R.s.EmailSchedulerService - Progress: 4/189 emails sent
2025-11-10 22:46:00 [scheduling-1] INFO  c.c.R.service.EmailService - Email sent successfully to: amar.sinha@nitorinfotech.com
2025-11-10 22:46:00 [scheduling-1] INFO  c.c.R.s.EmailSchedulerService - Email sent to: amar.sinha@nitorinfotech.com at Nitor Infotech
2025-11-10 22:46:00 [scheduling-1] INFO  c.c.R.s.EmailSchedulerService - Progress: 5/189 emails sent
2025-11-10 22:48:05 [scheduling-1] INFO  c.c.R.service.EmailService - Email sent successfully to: ambrish.kanungo@beyondkey.com
2025-11-10 22:48:05 [scheduling-1] INFO  c.c.R.s.EmailSchedulerService - Email sent to: ambrish.kanungo@beyondkey.com at Beyond Key
2025-11-10 22:48:05 [scheduling-1] INFO  c.c.R.s.EmailSchedulerService - Progress: 6/189 emails sent
2025-11-10 22:50:10 [scheduling-1] INFO  c.c.R.service.EmailService - Email sent successfully to: amiit.avaasthi@altudo.co
2025-11-10 22:50:10 [scheduling-1] INFO  c.c.R.s.EmailSchedulerService - Email sent to: amiit.avaasthi@altudo.co at Altudo
2025-11-10 22:50:10 [scheduling-1] INFO  c.c.R.s.EmailSchedulerService - Progress: 7/189 emails sent
2025-11-10 22:52:15 [scheduling-1] INFO  c.c.R.service.EmailService - Email sent successfully to: amit.malhotra@wundermanthompson.com
2025-11-10 22:52:15 [scheduling-1] INFO  c.c.R.s.EmailSchedulerService - Email sent to: amit.malhotra@wundermanthompson.com at Wunderman Thompson MSC
2025-11-10 22:52:15 [scheduling-1] INFO  c.c.R.s.EmailSchedulerService - Progress: 8/189 emails sent
2025-11-10 22:54:21 [scheduling-1] INFO  c.c.R.service.EmailService - Email sent successfully to: amit@hanu.com
2025-11-10 22:54:21 [scheduling-1] INFO  c.c.R.s.EmailSchedulerService - Email sent to: amit@hanu.com at Hanu Software
2025-11-10 22:54:21 [scheduling-1] INFO  c.c.R.s.EmailSchedulerService - Progress: 9/189 emails sent
2025-11-10 22:56:26 [scheduling-1] INFO  c.c.R.service.EmailService - Email sent successfully to: amit.prayagi@claimgenius.com
2025-11-10 22:56:26 [scheduling-1] INFO  c.c.R.s.EmailSchedulerService - Email sent to: amit.prayagi@claimgenius.com at Claim Genius
2025-11-10 22:56:26 [scheduling-1] INFO  c.c.R.s.EmailSchedulerService - Progress: 10/189 emails sent
2025-11-10 22:58:31 [scheduling-1] INFO  c.c.R.service.EmailService - Email sent successfully to: amit.ranjan@scikey.ai
2025-11-10 22:58:31 [scheduling-1] INFO  c.c.R.s.EmailSchedulerService - Email sent to: amit.ranjan@scikey.ai at SCIKEY
2025-11-10 22:58:31 [scheduling-1] INFO  c.c.R.s.EmailSchedulerService - Progress: 11/189 emails sent
2025-11-10 23:00:37 [scheduling-1] INFO  c.c.R.service.EmailService - Email sent successfully to: amit.sahoo@areteanstech.com
2025-11-10 23:00:37 [scheduling-1] INFO  c.c.R.s.EmailSchedulerService - Email sent to: amit.sahoo@areteanstech.com at Areteans
2025-11-10 23:00:37 [scheduling-1] INFO  c.c.R.s.EmailSchedulerService - Progress: 12/189 emails sent
2025-11-10 23:02:43 [scheduling-1] INFO  c.c.R.service.EmailService - Email sent successfully to: ashital@svam.com
2025-11-10 23:02:43 [scheduling-1] INFO  c.c.R.s.EmailSchedulerService - Email sent to: ashital@svam.com at SVAM International
2025-11-10 23:02:43 [scheduling-1] INFO  c.c.R.s.EmailSchedulerService - Progress: 13/189 emails sent
2025-11-10 23:03:02 [SpringApplicationShutdownHook] INFO  org.quartz.core.QuartzScheduler - Scheduler quartzScheduler_$_NON_CLUSTERED paused.
2025-11-10 23:03:02 [SpringApplicationShutdownHook] INFO  o.s.b.w.e.tomcat.GracefulShutdown - Commencing graceful shutdown. Waiting for active requests to complete
2025-11-10 23:03:03 [tomcat-shutdown] INFO  o.s.b.w.e.tomcat.GracefulShutdown - Graceful shutdown complete
2025-11-10 23:03:03 [SpringApplicationShutdownHook] INFO  o.s.s.quartz.SchedulerFactoryBean - Shutting down Quartz Scheduler
2025-11-10 23:03:03 [SpringApplicationShutdownHook] INFO  org.quartz.core.QuartzScheduler - Scheduler quartzScheduler_$_NON_CLUSTERED shutting down.
2025-11-10 23:03:03 [SpringApplicationShutdownHook] INFO  org.quartz.core.QuartzScheduler - Scheduler quartzScheduler_$_NON_CLUSTERED paused.
2025-11-10 23:03:03 [SpringApplicationShutdownHook] INFO  org.quartz.core.QuartzScheduler - Scheduler quartzScheduler_$_NON_CLUSTERED shutdown complete.
2025-11-10 23:15:02 [restartedMain] INFO  c.c.R.ResumeEmailSenderApplication - Starting ResumeEmailSenderApplication using Java 17.0.11 with PID 15248 (C:\Users\chand\Desktop\Projects\Practice\Projects\Automatic-Email-Sender-Hr\target\classes started by chand in C:\Users\chand\Desktop\Projects\Practice\Projects\Automatic-Email-Sender-Hr)
2025-11-10 23:15:02 [restartedMain] INFO  c.c.R.ResumeEmailSenderApplication - No active profile set, falling back to 1 default profile: "default"
2025-11-10 23:15:02 [restartedMain] INFO  o.s.b.d.e.DevToolsPropertyDefaultsPostProcessor - Devtools property defaults active! Set 'spring.devtools.add-properties' to 'false' to disable
2025-11-10 23:15:02 [restartedMain] INFO  o.s.b.d.e.DevToolsPropertyDefaultsPostProcessor - For additional web related logging consider setting the 'logging.level.web' property to 'DEBUG'
2025-11-10 23:15:03 [restartedMain] INFO  o.s.b.w.e.tomcat.TomcatWebServer - Tomcat initialized with port 8080 (http)
2025-11-10 23:15:04 [restartedMain] INFO  o.a.catalina.core.StandardService - Starting service [Tomcat]
2025-11-10 23:15:04 [restartedMain] INFO  o.a.catalina.core.StandardEngine - Starting Servlet engine: [Apache Tomcat/10.1.34]
2025-11-10 23:15:04 [restartedMain] INFO  o.a.c.c.C.[Tomcat].[localhost].[/] - Initializing Spring embedded WebApplicationContext
2025-11-10 23:15:04 [restartedMain] INFO  o.s.b.w.s.c.ServletWebServerApplicationContext - Root WebApplicationContext: initialization completed in 1420 ms
2025-11-10 23:15:04 [restartedMain] INFO  org.quartz.impl.StdSchedulerFactory - Using default implementation for ThreadExecutor
2025-11-10 23:15:04 [restartedMain] INFO  o.quartz.core.SchedulerSignalerImpl - Initialized Scheduler Signaller of type: class org.quartz.core.SchedulerSignalerImpl
2025-11-10 23:15:04 [restartedMain] INFO  org.quartz.core.QuartzScheduler - Quartz Scheduler v.2.3.2 created.
2025-11-10 23:15:04 [restartedMain] INFO  org.quartz.simpl.RAMJobStore - RAMJobStore initialized.
2025-11-10 23:15:04 [restartedMain] INFO  org.quartz.core.QuartzScheduler - Scheduler meta-data: Quartz Scheduler (v2.3.2) 'quartzScheduler' with instanceId 'NON_CLUSTERED'
  Scheduler class: 'org.quartz.core.QuartzScheduler' - running locally.
  NOT STARTED.
  Currently in standby mode.
  Number of jobs executed: 0
  Using thread pool 'org.quartz.simpl.SimpleThreadPool' - with 10 threads.
  Using job-store 'org.quartz.simpl.RAMJobStore' - which does not support persistence. and is not clustered.

2025-11-10 23:15:04 [restartedMain] INFO  org.quartz.impl.StdSchedulerFactory - Quartz scheduler 'quartzScheduler' initialized from an externally provided properties instance.
2025-11-10 23:15:04 [restartedMain] INFO  org.quartz.impl.StdSchedulerFactory - Quartz scheduler version: 2.3.2
2025-11-10 23:15:04 [restartedMain] INFO  org.quartz.core.QuartzScheduler - JobFactory set to: org.springframework.scheduling.quartz.SpringBeanJobFactory@704923e1
2025-11-10 23:15:05 [restartedMain] INFO  o.s.b.d.a.OptionalLiveReloadServer - LiveReload server is running on port 35729
2025-11-10 23:15:05 [restartedMain] INFO  o.s.b.a.e.web.EndpointLinksResolver - Exposing 1 endpoint beneath base path '/actuator'
2025-11-10 23:15:05 [restartedMain] INFO  o.s.b.w.e.tomcat.TomcatWebServer - Tomcat started on port 8080 (http) with context path '/'
2025-11-10 23:15:05 [restartedMain] INFO  o.s.s.quartz.SchedulerFactoryBean - Starting Quartz Scheduler now
2025-11-10 23:15:05 [restartedMain] INFO  org.quartz.core.QuartzScheduler - Scheduler quartzScheduler_$_NON_CLUSTERED started.
2025-11-10 23:15:05 [restartedMain] INFO  c.c.R.ResumeEmailSenderApplication - Started ResumeEmailSenderApplication in 2.977 seconds (process running for 3.709)
2025-11-10 23:15:05 [scheduling-1] INFO  c.c.R.service.ExcelReaderService - Reading HR details from Excel file: C:/Users/chand/Desktop/Projects/Practice/Projects/Automatic-Email-Sender-Hr/uploads/hr.xlsx
2025-11-10 23:15:05 [scheduling-1] INFO  c.c.R.service.ExcelReaderService - Total Rows Found: 177
2025-11-10 23:15:05 [scheduling-1] INFO  c.c.R.service.ExcelReaderService - Successfully read 176 valid HR contacts from Excel
2025-11-10 23:15:05 [scheduling-1] INFO  c.c.R.s.EmailSchedulerService - ✅ Initialized with 176 HR contacts
2025-11-10 23:15:11 [scheduling-1] INFO  c.c.R.service.EmailService - Email sent successfully to: amitesh.verma@cheersin.com
2025-11-10 23:15:11 [scheduling-1] INFO  c.c.R.s.EmailSchedulerService - ✅ Email sent to: amitesh.verma@cheersin.com (1 / 3)
2025-11-10 23:15:11 [scheduling-1] INFO  c.c.R.s.EmailSchedulerService - 📨 Progress: 1/176 emails sent
2025-11-10 23:17:16 [scheduling-1] INFO  c.c.R.service.EmailService - Email sent successfully to: amitha.k@secure-24.com
2025-11-10 23:17:16 [scheduling-1] INFO  c.c.R.s.EmailSchedulerService - ✅ Email sent to: amitha.k@secure-24.com (1 / 3)
2025-11-10 23:17:16 [scheduling-1] INFO  c.c.R.s.EmailSchedulerService - 📨 Progress: 2/176 emails sent
2025-11-10 23:17:59 [SpringApplicationShutdownHook] INFO  org.quartz.core.QuartzScheduler - Scheduler quartzScheduler_$_NON_CLUSTERED paused.
2025-11-10 23:17:59 [SpringApplicationShutdownHook] INFO  o.s.b.w.e.tomcat.GracefulShutdown - Commencing graceful shutdown. Waiting for active requests to complete
2025-11-10 23:17:59 [tomcat-shutdown] INFO  o.s.b.w.e.tomcat.GracefulShutdown - Graceful shutdown complete
2025-11-10 23:17:59 [SpringApplicationShutdownHook] INFO  o.s.s.quartz.SchedulerFactoryBean - Shutting down Quartz Scheduler
2025-11-10 23:17:59 [SpringApplicationShutdownHook] INFO  org.quartz.core.QuartzScheduler - Scheduler quartzScheduler_$_NON_CLUSTERED shutting down.
2025-11-10 23:17:59 [SpringApplicationShutdownHook] INFO  org.quartz.core.QuartzScheduler - Scheduler quartzScheduler_$_NON_CLUSTERED paused.
2025-11-10 23:17:59 [SpringApplicationShutdownHook] INFO  org.quartz.core.QuartzScheduler - Scheduler quartzScheduler_$_NON_CLUSTERED shutdown complete.
2025-11-10 23:18:45 [restartedMain] INFO  c.c.R.ResumeEmailSenderApplication - Starting ResumeEmailSenderApplication using Java 17.0.11 with PID 16788 (C:\Users\chand\Desktop\Projects\Practice\Projects\Automatic-Email-Sender-Hr\target\classes started by chand in C:\Users\chand\Desktop\Projects\Practice\Projects\Automatic-Email-Sender-Hr)
2025-11-10 23:18:45 [restartedMain] INFO  c.c.R.ResumeEmailSenderApplication - No active profile set, falling back to 1 default profile: "default"
2025-11-10 23:18:45 [restartedMain] INFO  o.s.b.d.e.DevToolsPropertyDefaultsPostProcessor - Devtools property defaults active! Set 'spring.devtools.add-properties' to 'false' to disable
2025-11-10 23:18:45 [restartedMain] INFO  o.s.b.d.e.DevToolsPropertyDefaultsPostProcessor - For additional web related logging consider setting the 'logging.level.web' property to 'DEBUG'
2025-11-10 23:18:46 [restartedMain] INFO  o.s.b.w.e.tomcat.TomcatWebServer - Tomcat initialized with port 8080 (http)
2025-11-10 23:18:47 [restartedMain] INFO  o.a.catalina.core.StandardService - Starting service [Tomcat]
2025-11-10 23:18:47 [restartedMain] INFO  o.a.catalina.core.StandardEngine - Starting Servlet engine: [Apache Tomcat/10.1.34]
2025-11-10 23:18:47 [restartedMain] INFO  o.a.c.c.C.[Tomcat].[localhost].[/] - Initializing Spring embedded WebApplicationContext
2025-11-10 23:18:47 [restartedMain] INFO  o.s.b.w.s.c.ServletWebServerApplicationContext - Root WebApplicationContext: initialization completed in 1325 ms
2025-11-10 23:18:48 [restartedMain] INFO  org.quartz.impl.StdSchedulerFactory - Using default implementation for ThreadExecutor
2025-11-10 23:18:48 [restartedMain] INFO  o.quartz.core.SchedulerSignalerImpl - Initialized Scheduler Signaller of type: class org.quartz.core.SchedulerSignalerImpl
2025-11-10 23:18:48 [restartedMain] INFO  org.quartz.core.QuartzScheduler - Quartz Scheduler v.2.3.2 created.
2025-11-10 23:18:48 [restartedMain] INFO  org.quartz.simpl.RAMJobStore - RAMJobStore initialized.
2025-11-10 23:18:48 [restartedMain] INFO  org.quartz.core.QuartzScheduler - Scheduler meta-data: Quartz Scheduler (v2.3.2) 'quartzScheduler' with instanceId 'NON_CLUSTERED'
  Scheduler class: 'org.quartz.core.QuartzScheduler' - running locally.
  NOT STARTED.
  Currently in standby mode.
  Number of jobs executed: 0
  Using thread pool 'org.quartz.simpl.SimpleThreadPool' - with 10 threads.
  Using job-store 'org.quartz.simpl.RAMJobStore' - which does not support persistence. and is not clustered.

2025-11-10 23:18:48 [restartedMain] INFO  org.quartz.impl.StdSchedulerFactory - Quartz scheduler 'quartzScheduler' initialized from an externally provided properties instance.
2025-11-10 23:18:48 [restartedMain] INFO  org.quartz.impl.StdSchedulerFactory - Quartz scheduler version: 2.3.2
2025-11-10 23:18:48 [restartedMain] INFO  org.quartz.core.QuartzScheduler - JobFactory set to: org.springframework.scheduling.quartz.SpringBeanJobFactory@eed0df3
2025-11-10 23:18:48 [restartedMain] INFO  o.s.b.d.a.OptionalLiveReloadServer - LiveReload server is running on port 35729
2025-11-10 23:18:48 [restartedMain] INFO  o.s.b.a.e.web.EndpointLinksResolver - Exposing 1 endpoint beneath base path '/actuator'
2025-11-10 23:18:48 [restartedMain] INFO  o.s.b.w.e.tomcat.TomcatWebServer - Tomcat started on port 8080 (http) with context path '/'
2025-11-10 23:18:48 [restartedMain] INFO  o.s.s.quartz.SchedulerFactoryBean - Starting Quartz Scheduler now
2025-11-10 23:18:48 [restartedMain] INFO  org.quartz.core.QuartzScheduler - Scheduler quartzScheduler_$_NON_CLUSTERED started.
2025-11-10 23:18:48 [restartedMain] INFO  c.c.R.ResumeEmailSenderApplication - Started ResumeEmailSenderApplication in 2.996 seconds (process running for 3.391)
2025-11-10 23:18:48 [scheduling-1] INFO  c.c.R.service.ExcelReaderService - Reading HR details from Excel file: C:/Users/chand/Desktop/Projects/Practice/Projects/Automatic-Email-Sender-Hr/uploads/hr.xlsx
2025-11-10 23:18:48 [scheduling-1] INFO  c.c.R.service.ExcelReaderService - Total Rows Found: 175
2025-11-10 23:18:48 [scheduling-1] INFO  c.c.R.service.ExcelReaderService - Successfully read 174 valid HR contacts from Excel
2025-11-10 23:18:48 [scheduling-1] INFO  c.c.R.s.EmailSchedulerService - ✅ Initialized with 174 HR contacts
2025-11-10 23:18:54 [scheduling-1] INFO  c.c.R.service.EmailService - Email sent successfully to: amlan.nag@mjunction.in
2025-11-10 23:18:54 [scheduling-1] INFO  c.c.R.s.EmailSchedulerService - ✅ Email sent to: amlan.nag@mjunction.in (1 / 3)
2025-11-10 23:18:54 [scheduling-1] INFO  c.c.R.s.EmailSchedulerService - 📨 Progress: 1/174 emails sent
2025-11-10 23:19:05 [scheduling-1] INFO  c.c.R.service.EmailService - Email sent successfully to: amreshm@zendrive.com
2025-11-10 23:19:05 [scheduling-1] INFO  c.c.R.s.EmailSchedulerService - ✅ Email sent to: amreshm@zendrive.com (1 / 3)
2025-11-10 23:19:05 [scheduling-1] INFO  c.c.R.s.EmailSchedulerService - 📨 Progress: 2/174 emails sent
2025-11-10 23:19:15 [scheduling-1] INFO  c.c.R.service.EmailService - Email sent successfully to: akishore@dimagi.com
2025-11-10 23:19:15 [scheduling-1] INFO  c.c.R.s.EmailSchedulerService - ✅ Email sent to: akishore@dimagi.com (1 / 3)
2025-11-10 23:19:15 [scheduling-1] INFO  c.c.R.s.EmailSchedulerService - 📨 Progress: 3/174 emails sent
2025-11-10 23:19:25 [scheduling-1] INFO  c.c.R.service.EmailService - Email sent successfully to: amrita.cheema@loconav.com
2025-11-10 23:19:25 [scheduling-1] INFO  c.c.R.s.EmailSchedulerService - ✅ Email sent to: amrita.cheema@loconav.com (1 / 3)
2025-11-10 23:19:25 [scheduling-1] INFO  c.c.R.s.EmailSchedulerService - 📨 Progress: 4/174 emails sent
2025-11-10 23:19:35 [scheduling-1] INFO  c.c.R.service.EmailService - Email sent successfully to: amrita.singh@cogentinfo.com
2025-11-10 23:19:35 [scheduling-1] INFO  c.c.R.s.EmailSchedulerService - ✅ Email sent to: amrita.singh@cogentinfo.com (1 / 3)
2025-11-10 23:19:35 [scheduling-1] INFO  c.c.R.s.EmailSchedulerService - 📨 Progress: 5/174 emails sent
2025-11-10 23:19:45 [scheduling-1] INFO  c.c.R.service.EmailService - Email sent successfully to: amrita.singh@itbd.net
2025-11-10 23:19:45 [scheduling-1] INFO  c.c.R.s.EmailSchedulerService - ✅ Email sent to: amrita.singh@itbd.net (1 / 3)
2025-11-10 23:19:45 [scheduling-1] INFO  c.c.R.s.EmailSchedulerService - 📨 Progress: 6/174 emails sent
2025-11-10 23:19:55 [scheduling-1] INFO  c.c.R.service.EmailService - Email sent successfully to: amrita@sdnaglobal.com
2025-11-10 23:19:55 [scheduling-1] INFO  c.c.R.s.EmailSchedulerService - ✅ Email sent to: amrita@sdnaglobal.com (1 / 3)
2025-11-10 23:19:55 [scheduling-1] INFO  c.c.R.s.EmailSchedulerService - 📨 Progress: 7/174 emails sent
2025-11-10 23:20:05 [scheduling-1] INFO  c.c.R.service.EmailService - Email sent successfully to: amritesh.shukla@mygate.com
2025-11-10 23:20:05 [scheduling-1] INFO  c.c.R.s.EmailSchedulerService - ✅ Email sent to: amritesh.shukla@mygate.com (1 / 3)
2025-11-10 23:20:05 [scheduling-1] INFO  c.c.R.s.EmailSchedulerService - 📨 Progress: 8/174 emails sent
2025-11-10 23:20:15 [scheduling-1] INFO  c.c.R.service.EmailService - Email sent successfully to: amruta@greatplaceitservices.com
2025-11-10 23:20:15 [scheduling-1] INFO  c.c.R.s.EmailSchedulerService - ✅ Email sent to: amruta@greatplaceitservices.com (1 / 3)
2025-11-10 23:20:15 [scheduling-1] INFO  c.c.R.s.EmailSchedulerService - 📨 Progress: 9/174 emails sent
2025-11-10 23:20:25 [scheduling-1] INFO  c.c.R.service.EmailService - Email sent successfully to: amulya.ms@utthunga.com
2025-11-10 23:20:25 [scheduling-1] INFO  c.c.R.s.EmailSchedulerService - ✅ Email sent to: amulya.ms@utthunga.com (1 / 3)
2025-11-10 23:20:25 [scheduling-1] INFO  c.c.R.s.EmailSchedulerService - 📨 Progress: 10/174 emails sent
2025-11-10 23:20:35 [scheduling-1] INFO  c.c.R.service.EmailService - Email sent successfully to: anand.christopher@grassrootsbpo.com
2025-11-10 23:20:35 [scheduling-1] INFO  c.c.R.s.EmailSchedulerService - ✅ Email sent to: anand.christopher@grassrootsbpo.com (1 / 3)
2025-11-10 23:20:35 [scheduling-1] INFO  c.c.R.s.EmailSchedulerService - 📨 Progress: 11/174 emails sent
2025-11-10 23:20:45 [scheduling-1] INFO  c.c.R.service.EmailService - Email sent successfully to: anand.e@increff.com
2025-11-10 23:20:45 [scheduling-1] INFO  c.c.R.s.EmailSchedulerService - ✅ Email sent to: anand.e@increff.com (1 / 3)
2025-11-10 23:20:45 [scheduling-1] INFO  c.c.R.s.EmailSchedulerService - 📨 Progress: 12/174 emails sent
2025-11-10 23:20:55 [scheduling-1] INFO  c.c.R.service.EmailService - Email sent successfully to: ak@8kmiles.com
2025-11-10 23:20:55 [scheduling-1] INFO  c.c.R.s.EmailSchedulerService - ✅ Email sent to: ak@8kmiles.com (1 / 3)
2025-11-10 23:20:55 [scheduling-1] INFO  c.c.R.s.EmailSchedulerService - 📨 Progress: 13/174 emails sent
2025-11-10 23:21:05 [scheduling-1] INFO  c.c.R.service.EmailService - Email sent successfully to: anandk@pharmarack.com
2025-11-10 23:21:05 [scheduling-1] INFO  c.c.R.s.EmailSchedulerService - ✅ Email sent to: anandk@pharmarack.com (1 / 3)
2025-11-10 23:21:05 [scheduling-1] INFO  c.c.R.s.EmailSchedulerService - 📨 Progress: 14/174 emails sent
2025-11-10 23:21:16 [scheduling-1] INFO  c.c.R.service.EmailService - Email sent successfully to: anand.r@whatarage.com
2025-11-10 23:21:16 [scheduling-1] INFO  c.c.R.s.EmailSchedulerService - ✅ Email sent to: anand.r@whatarage.com (1 / 3)
2025-11-10 23:21:16 [scheduling-1] INFO  c.c.R.s.EmailSchedulerService - 📨 Progress: 15/174 emails sent
2025-11-10 23:21:26 [scheduling-1] INFO  c.c.R.service.EmailService - Email sent successfully to: anand@hubilo.com
2025-11-10 23:21:26 [scheduling-1] INFO  c.c.R.s.EmailSchedulerService - ✅ Email sent to: anand@hubilo.com (1 / 3)
2025-11-10 23:21:26 [scheduling-1] INFO  c.c.R.s.EmailSchedulerService - 📨 Progress: 16/174 emails sent
2025-11-10 23:21:36 [scheduling-1] INFO  c.c.R.service.EmailService - Email sent successfully to: anand@auzmor.com
2025-11-10 23:21:36 [scheduling-1] INFO  c.c.R.s.EmailSchedulerService - ✅ Email sent to: anand@auzmor.com (1 / 3)
2025-11-10 23:21:36 [scheduling-1] INFO  c.c.R.s.EmailSchedulerService - 📨 Progress: 17/174 emails sent
2025-11-10 23:21:47 [scheduling-1] INFO  c.c.R.service.EmailService - Email sent successfully to: anand@capsitech.com
2025-11-10 23:21:47 [scheduling-1] INFO  c.c.R.s.EmailSchedulerService - ✅ Email sent to: anand@capsitech.com (1 / 3)
2025-11-10 23:21:47 [scheduling-1] INFO  c.c.R.s.EmailSchedulerService - 📨 Progress: 18/174 emails sent
2025-11-10 23:21:57 [scheduling-1] INFO  c.c.R.service.EmailService - Email sent successfully to: athiagarajan@inniveinc.com
2025-11-10 23:21:57 [scheduling-1] INFO  c.c.R.s.EmailSchedulerService - ✅ Email sent to: athiagarajan@inniveinc.com (1 / 3)
2025-11-10 23:21:57 [scheduling-1] INFO  c.c.R.s.EmailSchedulerService - 📨 Progress: 19/174 emails sent
2025-11-10 23:22:07 [scheduling-1] INFO  c.c.R.service.EmailService - Email sent successfully to: anandhi.s@dsmsoft.com
2025-11-10 23:22:07 [scheduling-1] INFO  c.c.R.s.EmailSchedulerService - ✅ Email sent to: anandhi.s@dsmsoft.com (1 / 3)
2025-11-10 23:22:07 [scheduling-1] INFO  c.c.R.s.EmailSchedulerService - 📨 Progress: 20/174 emails sent
2025-11-10 23:22:17 [scheduling-1] INFO  c.c.R.service.EmailService - Email sent successfully to: ananthram.iyer@customercentria.com
2025-11-10 23:22:17 [scheduling-1] INFO  c.c.R.s.EmailSchedulerService - ✅ Email sent to: ananthram.iyer@customercentria.com (1 / 3)
2025-11-10 23:22:17 [scheduling-1] INFO  c.c.R.s.EmailSchedulerService - 📨 Progress: 21/174 emails sent
2025-11-10 23:22:27 [scheduling-1] INFO  c.c.R.service.EmailService - Email sent successfully to: anrastogi@enhanceit.com
2025-11-10 23:22:27 [scheduling-1] INFO  c.c.R.s.EmailSchedulerService - ✅ Email sent to: anrastogi@enhanceit.com (1 / 3)
2025-11-10 23:22:27 [scheduling-1] INFO  c.c.R.s.EmailSchedulerService - 📨 Progress: 22/174 emails sent
2025-11-10 23:22:37 [scheduling-1] INFO  c.c.R.service.EmailService - Email sent successfully to: aarasina@teksystems.com
2025-11-10 23:22:37 [scheduling-1] INFO  c.c.R.s.EmailSchedulerService - ✅ Email sent to: aarasina@teksystems.com (1 / 3)
2025-11-10 23:22:37 [scheduling-1] INFO  c.c.R.s.EmailSchedulerService - 📨 Progress: 23/174 emails sent
2025-11-10 23:22:47 [scheduling-1] INFO  c.c.R.service.EmailService - Email sent successfully to: angel.mathew@delphix.com
2025-11-10 23:22:47 [scheduling-1] INFO  c.c.R.s.EmailSchedulerService - ✅ Email sent to: angel.mathew@delphix.com (1 / 3)
2025-11-10 23:22:47 [scheduling-1] INFO  c.c.R.s.EmailSchedulerService - 📨 Progress: 24/174 emails sent
2025-11-10 23:22:57 [scheduling-1] INFO  c.c.R.service.EmailService - Email sent successfully to: anil.chandra@thoughtspot.com
2025-11-10 23:22:57 [scheduling-1] INFO  c.c.R.s.EmailSchedulerService - ✅ Email sent to: anil.chandra@thoughtspot.com (1 / 3)
2025-11-10 23:22:57 [scheduling-1] INFO  c.c.R.s.EmailSchedulerService - 📨 Progress: 25/174 emails sent
2025-11-10 23:23:07 [scheduling-1] INFO  c.c.R.service.EmailService - Email sent successfully to: anil.k@corestack.io
2025-11-10 23:23:07 [scheduling-1] INFO  c.c.R.s.EmailSchedulerService - ✅ Email sent to: anil.k@corestack.io (1 / 3)
2025-11-10 23:23:07 [scheduling-1] INFO  c.c.R.s.EmailSchedulerService - 📨 Progress: 26/174 emails sent
2025-11-10 23:23:17 [scheduling-1] INFO  c.c.R.service.EmailService - Email sent successfully to: anil.moturi@solugenix.com
2025-11-10 23:23:17 [scheduling-1] INFO  c.c.R.s.EmailSchedulerService - ✅ Email sent to: anil.moturi@solugenix.com (1 / 3)
2025-11-10 23:23:17 [scheduling-1] INFO  c.c.R.s.EmailSchedulerService - 📨 Progress: 27/174 emails sent
2025-11-10 23:23:28 [scheduling-1] INFO  c.c.R.service.EmailService - Email sent successfully to: anil.pereira@visiblealpha.com
2025-11-10 23:23:28 [scheduling-1] INFO  c.c.R.s.EmailSchedulerService - ✅ Email sent to: anil.pereira@visiblealpha.com (1 / 3)
2025-11-10 23:23:28 [scheduling-1] INFO  c.c.R.s.EmailSchedulerService - 📨 Progress: 28/174 emails sent
2025-11-10 23:23:38 [scheduling-1] INFO  c.c.R.service.EmailService - Email sent successfully to: anil.kumar@flytxt.com
2025-11-10 23:23:38 [scheduling-1] INFO  c.c.R.s.EmailSchedulerService - ✅ Email sent to: anil.kumar@flytxt.com (1 / 3)
2025-11-10 23:23:38 [scheduling-1] INFO  c.c.R.s.EmailSchedulerService - 📨 Progress: 29/174 emails sent
2025-11-10 23:23:48 [scheduling-1] INFO  c.c.R.service.EmailService - Email sent successfully to: anil.tomar@fdsindia.co.in
2025-11-10 23:23:48 [scheduling-1] INFO  c.c.R.s.EmailSchedulerService - ✅ Email sent to: anil.tomar@fdsindia.co.in (1 / 3)
2025-11-10 23:23:48 [scheduling-1] INFO  c.c.R.s.EmailSchedulerService - 📨 Progress: 30/174 emails sent
2025-11-10 23:23:58 [scheduling-1] INFO  c.c.R.service.EmailService - Email sent successfully to: animesh.kumar@novopay.in
2025-11-10 23:23:58 [scheduling-1] INFO  c.c.R.s.EmailSchedulerService - ✅ Email sent to: animesh.kumar@novopay.in (1 / 3)
2025-11-10 23:23:58 [scheduling-1] INFO  c.c.R.s.EmailSchedulerService - 📨 Progress: 31/174 emails sent
2025-11-10 23:24:08 [scheduling-1] INFO  c.c.R.service.EmailService - Email sent successfully to: anindita.ranjan@3ds.com
2025-11-10 23:24:08 [scheduling-1] INFO  c.c.R.s.EmailSchedulerService - ✅ Email sent to: anindita.ranjan@3ds.com (1 / 3)
2025-11-10 23:24:08 [scheduling-1] INFO  c.c.R.s.EmailSchedulerService - 📨 Progress: 32/174 emails sent
2025-11-10 23:24:18 [scheduling-1] INFO  c.c.R.service.EmailService - Email sent successfully to: anirban.chakravorty@nttdata.com
2025-11-10 23:24:18 [scheduling-1] INFO  c.c.R.s.EmailSchedulerService - ✅ Email sent to: anirban.chakravorty@nttdata.com (1 / 3)
2025-11-10 23:24:18 [scheduling-1] INFO  c.c.R.s.EmailSchedulerService - 📨 Progress: 33/174 emails sent
2025-11-10 23:24:28 [scheduling-1] INFO  c.c.R.service.EmailService - Email sent successfully to: aghosh@trimaxamericas.com
2025-11-10 23:24:28 [scheduling-1] INFO  c.c.R.s.EmailSchedulerService - ✅ Email sent to: aghosh@trimaxamericas.com (1 / 3)
2025-11-10 23:24:28 [scheduling-1] INFO  c.c.R.s.EmailSchedulerService - 📨 Progress: 34/174 emails sent
2025-11-10 23:24:38 [scheduling-1] INFO  c.c.R.service.EmailService - Email sent successfully to: anirudhan.vasudevan@replicon.com
2025-11-10 23:24:38 [scheduling-1] INFO  c.c.R.s.EmailSchedulerService - ✅ Email sent to: anirudhan.vasudevan@replicon.com (1 / 3)
2025-11-10 23:24:38 [scheduling-1] INFO  c.c.R.s.EmailSchedulerService - 📨 Progress: 35/174 emails sent
2025-11-10 23:24:48 [scheduling-1] INFO  c.c.R.service.EmailService - Email sent successfully to: anish.ahmed@vaave.com
2025-11-10 23:24:48 [scheduling-1] INFO  c.c.R.s.EmailSchedulerService - ✅ Email sent to: anish.ahmed@vaave.com (1 / 3)
2025-11-10 23:24:48 [scheduling-1] INFO  c.c.R.s.EmailSchedulerService - 📨 Progress: 36/174 emails sent
2025-11-10 23:24:59 [scheduling-1] INFO  c.c.R.service.EmailService - Email sent successfully to: anish.raj@sentieo.com
2025-11-10 23:24:59 [scheduling-1] INFO  c.c.R.s.EmailSchedulerService - ✅ Email sent to: anish.raj@sentieo.com (1 / 3)
2025-11-10 23:24:59 [scheduling-1] INFO  c.c.R.s.EmailSchedulerService - 📨 Progress: 37/174 emails sent
2025-11-10 23:25:09 [scheduling-1] INFO  c.c.R.service.EmailService - Email sent successfully to: anita.mourya@capricot.com
2025-11-10 23:25:09 [scheduling-1] INFO  c.c.R.s.EmailSchedulerService - ✅ Email sent to: anita.mourya@capricot.com (1 / 3)
2025-11-10 23:25:09 [scheduling-1] INFO  c.c.R.s.EmailSchedulerService - 📨 Progress: 38/174 emails sent
2025-11-10 23:25:19 [scheduling-1] INFO  c.c.R.service.EmailService - Email sent successfully to: anoronha@shorewise.com
2025-11-10 23:25:19 [scheduling-1] INFO  c.c.R.s.EmailSchedulerService - ✅ Email sent to: anoronha@shorewise.com (1 / 3)
2025-11-10 23:25:19 [scheduling-1] INFO  c.c.R.s.EmailSchedulerService - 📨 Progress: 39/174 emails sent
2025-11-10 23:25:29 [scheduling-1] INFO  c.c.R.service.EmailService - Email sent successfully to: asidhwani@cleo.com
2025-11-10 23:25:29 [scheduling-1] INFO  c.c.R.s.EmailSchedulerService - ✅ Email sent to: asidhwani@cleo.com (1 / 3)
2025-11-10 23:25:29 [scheduling-1] INFO  c.c.R.s.EmailSchedulerService - 📨 Progress: 40/174 emails sent
2025-11-10 23:25:39 [scheduling-1] INFO  c.c.R.service.EmailService - Email sent successfully to: anita@appventurez.com
2025-11-10 23:25:39 [scheduling-1] INFO  c.c.R.s.EmailSchedulerService - ✅ Email sent to: anita@appventurez.com (1 / 3)
2025-11-10 23:25:39 [scheduling-1] INFO  c.c.R.s.EmailSchedulerService - 📨 Progress: 41/174 emails sent
2025-11-10 23:25:49 [scheduling-1] INFO  c.c.R.service.EmailService - Email sent successfully to: anitha.davis@incture.com
2025-11-10 23:25:49 [scheduling-1] INFO  c.c.R.s.EmailSchedulerService - ✅ Email sent to: anitha.davis@incture.com (1 / 3)
2025-11-10 23:25:49 [scheduling-1] INFO  c.c.R.s.EmailSchedulerService - 📨 Progress: 42/174 emails sent
2025-11-10 23:26:00 [scheduling-1] INFO  c.c.R.service.EmailService - Email sent successfully to: anitha.prabhakar@pramati.com
2025-11-10 23:26:00 [scheduling-1] INFO  c.c.R.s.EmailSchedulerService - ✅ Email sent to: anitha.prabhakar@pramati.com (1 / 3)
2025-11-10 23:26:00 [scheduling-1] INFO  c.c.R.s.EmailSchedulerService - 📨 Progress: 43/174 emails sent
2025-11-10 23:26:11 [scheduling-1] INFO  c.c.R.service.EmailService - Email sent successfully to: anjali@knackforge.com
2025-11-10 23:26:11 [scheduling-1] INFO  c.c.R.s.EmailSchedulerService - ✅ Email sent to: anjali@knackforge.com (1 / 3)
2025-11-10 23:26:11 [scheduling-1] INFO  c.c.R.s.EmailSchedulerService - 📨 Progress: 44/174 emails sent
2025-11-10 23:26:21 [scheduling-1] INFO  c.c.R.service.EmailService - Email sent successfully to: anjalig@mangoapps.com
2025-11-10 23:26:21 [scheduling-1] INFO  c.c.R.s.EmailSchedulerService - ✅ Email sent to: anjalig@mangoapps.com (1 / 3)
2025-11-10 23:26:21 [scheduling-1] INFO  c.c.R.s.EmailSchedulerService - 📨 Progress: 45/174 emails sent
2025-11-10 23:26:31 [scheduling-1] INFO  c.c.R.service.EmailService - Email sent successfully to: anjali.patil@workindia.in
2025-11-10 23:26:31 [scheduling-1] INFO  c.c.R.s.EmailSchedulerService - ✅ Email sent to: anjali.patil@workindia.in (1 / 3)
2025-11-10 23:26:31 [scheduling-1] INFO  c.c.R.s.EmailSchedulerService - 📨 Progress: 46/174 emails sent
2025-11-10 23:26:41 [scheduling-1] INFO  c.c.R.service.EmailService - Email sent successfully to: anjali.sharma@fulcrumdigital.com
2025-11-10 23:26:41 [scheduling-1] INFO  c.c.R.s.EmailSchedulerService - ✅ Email sent to: anjali.sharma@fulcrumdigital.com (1 / 3)
2025-11-10 23:26:41 [scheduling-1] INFO  c.c.R.s.EmailSchedulerService - 📨 Progress: 47/174 emails sent
2025-11-10 23:26:51 [scheduling-1] INFO  c.c.R.service.EmailService - Email sent successfully to: anjan.bose@hpl.co.in
2025-11-10 23:26:51 [scheduling-1] INFO  c.c.R.s.EmailSchedulerService - ✅ Email sent to: anjan.bose@hpl.co.in (1 / 3)
2025-11-10 23:26:51 [scheduling-1] INFO  c.c.R.s.EmailSchedulerService - 📨 Progress: 48/174 emails sent
2025-11-10 23:27:02 [scheduling-1] INFO  c.c.R.service.EmailService - Email sent successfully to: anjani.salian@in.nbssap.com
2025-11-10 23:27:02 [scheduling-1] INFO  c.c.R.s.EmailSchedulerService - ✅ Email sent to: anjani.salian@in.nbssap.com (1 / 3)
2025-11-10 23:27:02 [scheduling-1] INFO  c.c.R.s.EmailSchedulerService - 📨 Progress: 49/174 emails sent
2025-11-10 23:27:12 [scheduling-1] INFO  c.c.R.service.EmailService - Email sent successfully to: anju.tyagi@bpoconvergence.com
2025-11-10 23:27:12 [scheduling-1] INFO  c.c.R.s.EmailSchedulerService - ✅ Email sent to: anju.tyagi@bpoconvergence.com (1 / 3)
2025-11-10 23:27:12 [scheduling-1] INFO  c.c.R.s.EmailSchedulerService - 📨 Progress: 50/174 emails sent
2025-11-10 23:27:23 [scheduling-1] INFO  c.c.R.service.EmailService - Email sent successfully to: ankit@compumatrice.com
2025-11-10 23:27:23 [scheduling-1] INFO  c.c.R.s.EmailSchedulerService - ✅ Email sent to: ankit@compumatrice.com (1 / 3)
2025-11-10 23:27:23 [scheduling-1] INFO  c.c.R.s.EmailSchedulerService - 📨 Progress: 51/174 emails sent
2025-11-10 23:27:33 [scheduling-1] INFO  c.c.R.service.EmailService - Email sent successfully to: ankit.sharma@a1technology.com
2025-11-10 23:27:33 [scheduling-1] INFO  c.c.R.s.EmailSchedulerService - ✅ Email sent to: ankit.sharma@a1technology.com (1 / 3)
2025-11-10 23:27:33 [scheduling-1] INFO  c.c.R.s.EmailSchedulerService - 📨 Progress: 52/174 emails sent
2025-11-10 23:27:43 [scheduling-1] INFO  c.c.R.service.EmailService - Email sent successfully to: ankit.tomar@rategain.com
2025-11-10 23:27:43 [scheduling-1] INFO  c.c.R.s.EmailSchedulerService - ✅ Email sent to: ankit.tomar@rategain.com (1 / 3)
2025-11-10 23:27:43 [scheduling-1] INFO  c.c.R.s.EmailSchedulerService - 📨 Progress: 53/174 emails sent
2025-11-10 23:27:53 [scheduling-1] INFO  c.c.R.service.EmailService - Email sent successfully to: ankita@zenwork.com
2025-11-10 23:27:53 [scheduling-1] INFO  c.c.R.s.EmailSchedulerService - ✅ Email sent to: ankita@zenwork.com (1 / 3)
2025-11-10 23:27:53 [scheduling-1] INFO  c.c.R.s.EmailSchedulerService - 📨 Progress: 54/174 emails sent
2025-11-10 23:28:03 [scheduling-1] INFO  c.c.R.service.EmailService - Email sent successfully to: ankita.rajrishi@condecosoftware.com
2025-11-10 23:28:03 [scheduling-1] INFO  c.c.R.s.EmailSchedulerService - ✅ Email sent to: ankita.rajrishi@condecosoftware.com (1 / 3)
2025-11-10 23:28:03 [scheduling-1] INFO  c.c.R.s.EmailSchedulerService - 📨 Progress: 55/174 emails sent
2025-11-10 23:28:13 [scheduling-1] INFO  c.c.R.service.EmailService - Email sent successfully to: ankita.sinha@mtxb2b.com
2025-11-10 23:28:13 [scheduling-1] INFO  c.c.R.s.EmailSchedulerService - ✅ Email sent to: ankita.sinha@mtxb2b.com (1 / 3)
2025-11-10 23:28:13 [scheduling-1] INFO  c.c.R.s.EmailSchedulerService - 📨 Progress: 56/174 emails sent
2025-11-10 23:28:23 [scheduling-1] INFO  c.c.R.service.EmailService - Email sent successfully to: ankur.beri@niit-tech.com
2025-11-10 23:28:23 [scheduling-1] INFO  c.c.R.s.EmailSchedulerService - ✅ Email sent to: ankur.beri@niit-tech.com (1 / 3)
2025-11-10 23:28:23 [scheduling-1] INFO  c.c.R.s.EmailSchedulerService - 📨 Progress: 57/174 emails sent
2025-11-10 23:28:33 [scheduling-1] INFO  c.c.R.service.EmailService - Email sent successfully to: annaa@smartek21.com
2025-11-10 23:28:33 [scheduling-1] INFO  c.c.R.s.EmailSchedulerService - ✅ Email sent to: annaa@smartek21.com (1 / 3)
2025-11-10 23:28:33 [scheduling-1] INFO  c.c.R.s.EmailSchedulerService - 📨 Progress: 58/174 emails sent
2025-11-10 23:28:43 [scheduling-1] INFO  c.c.R.service.EmailService - Email sent successfully to: anna@transactglobal.com
2025-11-10 23:28:43 [scheduling-1] INFO  c.c.R.s.EmailSchedulerService - ✅ Email sent to: anna@transactglobal.com (1 / 3)
2025-11-10 23:28:43 [scheduling-1] INFO  c.c.R.s.EmailSchedulerService - 📨 Progress: 59/174 emails sent
2025-11-10 23:28:53 [scheduling-1] INFO  c.c.R.service.EmailService - Email sent successfully to: annapurna.a@fime.com
2025-11-10 23:28:53 [scheduling-1] INFO  c.c.R.s.EmailSchedulerService - ✅ Email sent to: annapurna.a@fime.com (1 / 3)
2025-11-10 23:28:53 [scheduling-1] INFO  c.c.R.s.EmailSchedulerService - 📨 Progress: 60/174 emails sent
2025-11-10 23:29:04 [scheduling-1] INFO  c.c.R.service.EmailService - Email sent successfully to: annie.manoj@grasko.com
2025-11-10 23:29:04 [scheduling-1] INFO  c.c.R.s.EmailSchedulerService - ✅ Email sent to: annie.manoj@grasko.com (1 / 3)
2025-11-10 23:29:04 [scheduling-1] INFO  c.c.R.s.EmailSchedulerService - 📨 Progress: 61/174 emails sent
2025-11-10 23:29:14 [scheduling-1] INFO  c.c.R.service.EmailService - Email sent successfully to: anoob.abraham@arcadia.com
2025-11-10 23:29:14 [scheduling-1] INFO  c.c.R.s.EmailSchedulerService - ✅ Email sent to: anoob.abraham@arcadia.com (1 / 3)
2025-11-10 23:29:14 [scheduling-1] INFO  c.c.R.s.EmailSchedulerService - 📨 Progress: 62/174 emails sent
2025-11-10 23:29:24 [scheduling-1] INFO  c.c.R.service.EmailService - Email sent successfully to: anshika.khaitan@getvymo.com
2025-11-10 23:29:24 [scheduling-1] INFO  c.c.R.s.EmailSchedulerService - ✅ Email sent to: anshika.khaitan@getvymo.com (1 / 3)
2025-11-10 23:29:24 [scheduling-1] INFO  c.c.R.s.EmailSchedulerService - 📨 Progress: 63/174 emails sent
2025-11-10 23:29:35 [scheduling-1] INFO  c.c.R.service.EmailService - Email sent successfully to: anshu.anand@absolutdata.com
2025-11-10 23:29:35 [scheduling-1] INFO  c.c.R.s.EmailSchedulerService - ✅ Email sent to: anshu.anand@absolutdata.com (1 / 3)
2025-11-10 23:29:35 [scheduling-1] INFO  c.c.R.s.EmailSchedulerService - 📨 Progress: 64/174 emails sent
2025-11-10 23:29:45 [scheduling-1] INFO  c.c.R.service.EmailService - Email sent successfully to: ansumans@mindfiresolutions.com
2025-11-10 23:29:45 [scheduling-1] INFO  c.c.R.s.EmailSchedulerService - ✅ Email sent to: ansumans@mindfiresolutions.com (1 / 3)
2025-11-10 23:29:45 [scheduling-1] INFO  c.c.R.s.EmailSchedulerService - 📨 Progress: 65/174 emails sent
2025-11-10 23:29:55 [scheduling-1] INFO  c.c.R.service.EmailService - Email sent successfully to: anto.faria@urbanladder.com
2025-11-10 23:29:55 [scheduling-1] INFO  c.c.R.s.EmailSchedulerService - ✅ Email sent to: anto.faria@urbanladder.com (1 / 3)
2025-11-10 23:29:55 [scheduling-1] INFO  c.c.R.s.EmailSchedulerService - 📨 Progress: 66/174 emails sent
2025-11-10 23:30:05 [scheduling-1] INFO  c.c.R.service.EmailService - Email sent successfully to: anuj@deskera.com
2025-11-10 23:30:05 [scheduling-1] INFO  c.c.R.s.EmailSchedulerService - ✅ Email sent to: anuj@deskera.com (1 / 3)
2025-11-10 23:30:05 [scheduling-1] INFO  c.c.R.s.EmailSchedulerService - 📨 Progress: 67/174 emails sent
2025-11-10 23:30:15 [scheduling-1] INFO  c.c.R.service.EmailService - Email sent successfully to: anuja@codenation.co.in
2025-11-10 23:30:15 [scheduling-1] INFO  c.c.R.s.EmailSchedulerService - ✅ Email sent to: anuja@codenation.co.in (1 / 3)
2025-11-10 23:30:15 [scheduling-1] INFO  c.c.R.s.EmailSchedulerService - 📨 Progress: 68/174 emails sent
2025-11-10 23:30:25 [scheduling-1] INFO  c.c.R.service.EmailService - Email sent successfully to: anupam.j@gsl.in
2025-11-10 23:30:25 [scheduling-1] INFO  c.c.R.s.EmailSchedulerService - ✅ Email sent to: anupam.j@gsl.in (1 / 3)
2025-11-10 23:30:25 [scheduling-1] INFO  c.c.R.s.EmailSchedulerService - 📨 Progress: 69/174 emails sent
2025-11-10 23:30:35 [scheduling-1] INFO  c.c.R.service.EmailService - Email sent successfully to: anupam.srivastava@reltio.com
2025-11-10 23:30:35 [scheduling-1] INFO  c.c.R.s.EmailSchedulerService - ✅ Email sent to: anupam.srivastava@reltio.com (1 / 3)
2025-11-10 23:30:35 [scheduling-1] INFO  c.c.R.s.EmailSchedulerService - 📨 Progress: 70/174 emails sent
2025-11-10 23:30:45 [scheduling-1] INFO  c.c.R.service.EmailService - Email sent successfully to: anupamadg@erevmax.com
2025-11-10 23:30:45 [scheduling-1] INFO  c.c.R.s.EmailSchedulerService - ✅ Email sent to: anupamadg@erevmax.com (1 / 3)
2025-11-10 23:30:45 [scheduling-1] INFO  c.c.R.s.EmailSchedulerService - 📨 Progress: 71/174 emails sent
2025-11-10 23:30:56 [scheduling-1] INFO  c.c.R.service.EmailService - Email sent successfully to: anupriya.gandhi@juliacomputing.com
2025-11-10 23:30:56 [scheduling-1] INFO  c.c.R.s.EmailSchedulerService - ✅ Email sent to: anupriya.gandhi@juliacomputing.com (1 / 3)
2025-11-10 23:30:56 [scheduling-1] INFO  c.c.R.s.EmailSchedulerService - 📨 Progress: 72/174 emails sent
2025-11-10 23:31:06 [scheduling-1] INFO  c.c.R.service.EmailService - Email sent successfully to: anurag.rana@sirionlabs.com
2025-11-10 23:31:06 [scheduling-1] INFO  c.c.R.s.EmailSchedulerService - ✅ Email sent to: anurag.rana@sirionlabs.com (1 / 3)
2025-11-10 23:31:06 [scheduling-1] INFO  c.c.R.s.EmailSchedulerService - 📨 Progress: 73/174 emails sent
2025-11-10 23:31:16 [scheduling-1] INFO  c.c.R.service.EmailService - Email sent successfully to: anurags@talisma.com
2025-11-10 23:31:16 [scheduling-1] INFO  c.c.R.s.EmailSchedulerService - ✅ Email sent to: anurags@talisma.com (1 / 3)
2025-11-10 23:31:16 [scheduling-1] INFO  c.c.R.s.EmailSchedulerService - 📨 Progress: 74/174 emails sent
2025-11-10 23:31:28 [scheduling-1] INFO  c.c.R.service.EmailService - Email sent successfully to: anurag@uniphore.com
2025-11-10 23:31:28 [scheduling-1] INFO  c.c.R.s.EmailSchedulerService - ✅ Email sent to: anurag@uniphore.com (1 / 3)
2025-11-10 23:31:28 [scheduling-1] INFO  c.c.R.s.EmailSchedulerService - 📨 Progress: 75/174 emails sent
2025-11-10 23:31:38 [scheduling-1] INFO  c.c.R.service.EmailService - Email sent successfully to: anusha@srswebsolutions.com
2025-11-10 23:31:38 [scheduling-1] INFO  c.c.R.s.EmailSchedulerService - ✅ Email sent to: anusha@srswebsolutions.com (1 / 3)
2025-11-10 23:31:38 [scheduling-1] INFO  c.c.R.s.EmailSchedulerService - 📨 Progress: 76/174 emails sent
2025-11-10 23:31:48 [scheduling-1] INFO  c.c.R.service.EmailService - Email sent successfully to: anusha.kishore@loco.gg
2025-11-10 23:31:48 [scheduling-1] INFO  c.c.R.s.EmailSchedulerService - ✅ Email sent to: anusha.kishore@loco.gg (1 / 3)
2025-11-10 23:31:48 [scheduling-1] INFO  c.c.R.s.EmailSchedulerService - 📨 Progress: 77/174 emails sent
2025-11-10 23:32:00 [scheduling-1] INFO  c.c.R.service.EmailService - Email sent successfully to: aparna.gunjikar@softnautics.com
2025-11-10 23:32:00 [scheduling-1] INFO  c.c.R.s.EmailSchedulerService - ✅ Email sent to: aparna.gunjikar@softnautics.com (1 / 3)
2025-11-10 23:32:00 [scheduling-1] INFO  c.c.R.s.EmailSchedulerService - 📨 Progress: 78/174 emails sent
2025-11-10 23:32:12 [scheduling-1] INFO  c.c.R.service.EmailService - Email sent successfully to: aparna.srikanth@appsian.com
2025-11-10 23:32:12 [scheduling-1] INFO  c.c.R.s.EmailSchedulerService - ✅ Email sent to: aparna.srikanth@appsian.com (1 / 3)
2025-11-10 23:32:12 [scheduling-1] INFO  c.c.R.s.EmailSchedulerService - 📨 Progress: 79/174 emails sent
2025-11-10 23:32:22 [scheduling-1] INFO  c.c.R.service.EmailService - Email sent successfully to: aradhana@safexpay.com
2025-11-10 23:32:22 [scheduling-1] INFO  c.c.R.s.EmailSchedulerService - ✅ Email sent to: aradhana@safexpay.com (1 / 3)
2025-11-10 23:32:22 [scheduling-1] INFO  c.c.R.s.EmailSchedulerService - 📨 Progress: 80/174 emails sent
2025-11-10 23:32:32 [scheduling-1] INFO  c.c.R.service.EmailService - Email sent successfully to: arathi.gs@vyomlabs.com
2025-11-10 23:32:32 [scheduling-1] INFO  c.c.R.s.EmailSchedulerService - ✅ Email sent to: arathi.gs@vyomlabs.com (1 / 3)
2025-11-10 23:32:32 [scheduling-1] INFO  c.c.R.s.EmailSchedulerService - 📨 Progress: 81/174 emails sent
2025-11-10 23:32:43 [scheduling-1] INFO  c.c.R.service.EmailService - Email sent successfully to: arathi.prabhu@altruistahealth.com
2025-11-10 23:32:43 [scheduling-1] INFO  c.c.R.s.EmailSchedulerService - ✅ Email sent to: arathi.prabhu@altruistahealth.com (1 / 3)
2025-11-10 23:32:43 [scheduling-1] INFO  c.c.R.s.EmailSchedulerService - 📨 Progress: 82/174 emails sent
2025-11-10 23:32:53 [scheduling-1] INFO  c.c.R.service.EmailService - Email sent successfully to: arathi@suntecgroup.com
2025-11-10 23:32:53 [scheduling-1] INFO  c.c.R.s.EmailSchedulerService - ✅ Email sent to: arathi@suntecgroup.com (1 / 3)
2025-11-10 23:32:53 [scheduling-1] INFO  c.c.R.s.EmailSchedulerService - 📨 Progress: 83/174 emails sent
2025-11-10 23:33:03 [scheduling-1] INFO  c.c.R.service.EmailService - Email sent successfully to: aravind.chandrasekar@tigerspike.com
2025-11-10 23:33:03 [scheduling-1] INFO  c.c.R.s.EmailSchedulerService - ✅ Email sent to: aravind.chandrasekar@tigerspike.com (1 / 3)
2025-11-10 23:33:03 [scheduling-1] INFO  c.c.R.s.EmailSchedulerService - 📨 Progress: 84/174 emails sent
2025-11-10 23:33:14 [scheduling-1] INFO  c.c.R.service.EmailService - Email sent successfully to: aravind.warrier@rapidvaluesolutions.com
2025-11-10 23:33:14 [scheduling-1] INFO  c.c.R.s.EmailSchedulerService - ✅ Email sent to: aravind.warrier@rapidvaluesolutions.com (1 / 3)
2025-11-10 23:33:14 [scheduling-1] INFO  c.c.R.s.EmailSchedulerService - 📨 Progress: 85/174 emails sent
2025-11-10 23:33:24 [scheduling-1] INFO  c.c.R.service.EmailService - Email sent successfully to: archana@aufait.in
2025-11-10 23:33:24 [scheduling-1] INFO  c.c.R.s.EmailSchedulerService - ✅ Email sent to: archana@aufait.in (1 / 3)
2025-11-10 23:33:24 [scheduling-1] INFO  c.c.R.s.EmailSchedulerService - 📨 Progress: 86/174 emails sent
2025-11-10 23:33:34 [scheduling-1] INFO  c.c.R.service.EmailService - Email sent successfully to: archana.kp@kilowott.com
2025-11-10 23:33:34 [scheduling-1] INFO  c.c.R.s.EmailSchedulerService - ✅ Email sent to: archana.kp@kilowott.com (1 / 3)
2025-11-10 23:33:34 [scheduling-1] INFO  c.c.R.s.EmailSchedulerService - 📨 Progress: 87/174 emails sent
2025-11-10 23:33:45 [scheduling-1] INFO  c.c.R.service.EmailService - Email sent successfully to: archana@quinbay.com
2025-11-10 23:33:45 [scheduling-1] INFO  c.c.R.s.EmailSchedulerService - ✅ Email sent to: archana@quinbay.com (1 / 3)
2025-11-10 23:33:45 [scheduling-1] INFO  c.c.R.s.EmailSchedulerService - 📨 Progress: 88/174 emails sent
2025-11-10 23:33:55 [scheduling-1] INFO  c.c.R.service.EmailService - Email sent successfully to: archana.manne@locuz.com
2025-11-10 23:33:55 [scheduling-1] INFO  c.c.R.s.EmailSchedulerService - ✅ Email sent to: archana.manne@locuz.com (1 / 3)
2025-11-10 23:33:55 [scheduling-1] INFO  c.c.R.s.EmailSchedulerService - 📨 Progress: 89/174 emails sent
2025-11-10 23:34:06 [scheduling-1] INFO  c.c.R.service.EmailService - Email sent successfully to: archana.sarda@microlise.com
2025-11-10 23:34:06 [scheduling-1] INFO  c.c.R.s.EmailSchedulerService - ✅ Email sent to: archana.sarda@microlise.com (1 / 3)
2025-11-10 23:34:06 [scheduling-1] INFO  c.c.R.s.EmailSchedulerService - 📨 Progress: 90/174 emails sent
2025-11-10 23:34:16 [scheduling-1] INFO  c.c.R.service.EmailService - Email sent successfully to: archana.shinde@cognologix.com
2025-11-10 23:34:16 [scheduling-1] INFO  c.c.R.s.EmailSchedulerService - ✅ Email sent to: archana.shinde@cognologix.com (1 / 3)
2025-11-10 23:34:16 [scheduling-1] INFO  c.c.R.s.EmailSchedulerService - 📨 Progress: 91/174 emails sent
2025-11-10 23:34:26 [scheduling-1] INFO  c.c.R.service.EmailService - Email sent successfully to: arif.memon@abzooba.com
2025-11-10 23:34:26 [scheduling-1] INFO  c.c.R.s.EmailSchedulerService - ✅ Email sent to: arif.memon@abzooba.com (1 / 3)
2025-11-10 23:34:26 [scheduling-1] INFO  c.c.R.s.EmailSchedulerService - 📨 Progress: 92/174 emails sent
2025-11-10 23:34:36 [scheduling-1] INFO  c.c.R.service.EmailService - Email sent successfully to: arindam.kar@yodlee.com
2025-11-10 23:34:36 [scheduling-1] INFO  c.c.R.s.EmailSchedulerService - ✅ Email sent to: arindam.kar@yodlee.com (1 / 3)
2025-11-10 23:34:36 [scheduling-1] INFO  c.c.R.s.EmailSchedulerService - 📨 Progress: 93/174 emails sent
2025-11-10 23:34:47 [scheduling-1] INFO  c.c.R.service.EmailService - Email sent successfully to: arjita.chawla@quytech.com
2025-11-10 23:34:47 [scheduling-1] INFO  c.c.R.s.EmailSchedulerService - ✅ Email sent to: arjita.chawla@quytech.com (1 / 3)
2025-11-10 23:34:47 [scheduling-1] INFO  c.c.R.s.EmailSchedulerService - 📨 Progress: 94/174 emails sent
2025-11-10 23:34:57 [scheduling-1] INFO  c.c.R.service.EmailService - Email sent successfully to: arjun.chatterjee@sunlife.com
2025-11-10 23:34:57 [scheduling-1] INFO  c.c.R.s.EmailSchedulerService - ✅ Email sent to: arjun.chatterjee@sunlife.com (1 / 3)
2025-11-10 23:34:57 [scheduling-1] INFO  c.c.R.s.EmailSchedulerService - 📨 Progress: 95/174 emails sent
2025-11-10 23:35:08 [scheduling-1] INFO  c.c.R.service.EmailService - Email sent successfully to: arpanaj@umbrellainfocare.com
2025-11-10 23:35:08 [scheduling-1] INFO  c.c.R.s.EmailSchedulerService - ✅ Email sent to: arpanaj@umbrellainfocare.com (1 / 3)
2025-11-10 23:35:08 [scheduling-1] INFO  c.c.R.s.EmailSchedulerService - 📨 Progress: 96/174 emails sent
2025-11-10 23:35:18 [scheduling-1] INFO  c.c.R.service.EmailService - Email sent successfully to: arpita.sarkar@webskitters.com
2025-11-10 23:35:18 [scheduling-1] INFO  c.c.R.s.EmailSchedulerService - ✅ Email sent to: arpita.sarkar@webskitters.com (1 / 3)
2025-11-10 23:35:18 [scheduling-1] INFO  c.c.R.s.EmailSchedulerService - 📨 Progress: 97/174 emails sent
2025-11-10 23:35:29 [scheduling-1] INFO  c.c.R.service.EmailService - Email sent successfully to: qa@artoonsolutions.com
2025-11-10 23:35:29 [scheduling-1] INFO  c.c.R.s.EmailSchedulerService - ✅ Email sent to: qa@artoonsolutions.com (1 / 3)
2025-11-10 23:35:29 [scheduling-1] INFO  c.c.R.s.EmailSchedulerService - 📨 Progress: 98/174 emails sent
2025-11-10 23:35:40 [scheduling-1] INFO  c.c.R.service.EmailService - Email sent successfully to: aru.uppal@datdyn.com
2025-11-10 23:35:40 [scheduling-1] INFO  c.c.R.s.EmailSchedulerService - ✅ Email sent to: aru.uppal@datdyn.com (1 / 3)
2025-11-10 23:35:40 [scheduling-1] INFO  c.c.R.s.EmailSchedulerService - 📨 Progress: 99/174 emails sent
2025-11-10 23:35:50 [scheduling-1] INFO  c.c.R.service.EmailService - Email sent successfully to: arun.kumar@bobtechsolutions.com
2025-11-10 23:35:50 [scheduling-1] INFO  c.c.R.s.EmailSchedulerService - ✅ Email sent to: arun.kumar@bobtechsolutions.com (1 / 3)
2025-11-10 23:35:50 [scheduling-1] INFO  c.c.R.s.EmailSchedulerService - 📨 Progress: 100/174 emails sent
2025-11-10 23:36:00 [scheduling-1] INFO  c.c.R.service.EmailService - Email sent successfully to: arun.kumar@shipsy.io
2025-11-10 23:36:00 [scheduling-1] INFO  c.c.R.s.EmailSchedulerService - ✅ Email sent to: arun.kumar@shipsy.io (1 / 3)
2025-11-10 23:36:00 [scheduling-1] INFO  c.c.R.s.EmailSchedulerService - 📨 Progress: 101/174 emails sent
2025-11-10 23:36:10 [scheduling-1] INFO  c.c.R.service.EmailService - Email sent successfully to: arun.kumar@wavicledata.com
2025-11-10 23:36:10 [scheduling-1] INFO  c.c.R.s.EmailSchedulerService - ✅ Email sent to: arun.kumar@wavicledata.com (1 / 3)
2025-11-10 23:36:10 [scheduling-1] INFO  c.c.R.s.EmailSchedulerService - 📨 Progress: 102/174 emails sent
2025-11-10 23:36:20 [scheduling-1] INFO  c.c.R.service.EmailService - Email sent successfully to: arun@theatem.com
2025-11-10 23:36:20 [scheduling-1] INFO  c.c.R.s.EmailSchedulerService - ✅ Email sent to: arun@theatem.com (1 / 3)
2025-11-10 23:36:20 [scheduling-1] INFO  c.c.R.s.EmailSchedulerService - 📨 Progress: 103/174 emails sent
2025-11-10 23:36:30 [scheduling-1] INFO  c.c.R.service.EmailService - Email sent successfully to: arun.ravi@ipsoft.com
2025-11-10 23:36:30 [scheduling-1] INFO  c.c.R.s.EmailSchedulerService - ✅ Email sent to: arun.ravi@ipsoft.com (1 / 3)
2025-11-10 23:36:30 [scheduling-1] INFO  c.c.R.s.EmailSchedulerService - 📨 Progress: 104/174 emails sent
2025-11-10 23:36:41 [scheduling-1] INFO  c.c.R.service.EmailService - Email sent successfully to: arun.singh@puresoftware.com
2025-11-10 23:36:41 [scheduling-1] INFO  c.c.R.s.EmailSchedulerService - ✅ Email sent to: arun.singh@puresoftware.com (1 / 3)
2025-11-10 23:36:41 [scheduling-1] INFO  c.c.R.s.EmailSchedulerService - 📨 Progress: 105/174 emails sent
2025-11-10 23:36:51 [scheduling-1] INFO  c.c.R.service.EmailService - Email sent successfully to: arun@xto10x.com
2025-11-10 23:36:51 [scheduling-1] INFO  c.c.R.s.EmailSchedulerService - ✅ Email sent to: arun@xto10x.com (1 / 3)
2025-11-10 23:36:51 [scheduling-1] INFO  c.c.R.s.EmailSchedulerService - 📨 Progress: 106/174 emails sent
2025-11-10 23:37:01 [scheduling-1] INFO  c.c.R.service.EmailService - Email sent successfully to: arunima.bhushan@orcapodservices.com
2025-11-10 23:37:01 [scheduling-1] INFO  c.c.R.s.EmailSchedulerService - ✅ Email sent to: arunima.bhushan@orcapodservices.com (1 / 3)
2025-11-10 23:37:01 [scheduling-1] INFO  c.c.R.s.EmailSchedulerService - 📨 Progress: 107/174 emails sent
2025-11-10 23:37:12 [scheduling-1] INFO  c.c.R.service.EmailService - Email sent successfully to: arushi.goel@betterplace.co.in
2025-11-10 23:37:12 [scheduling-1] INFO  c.c.R.s.EmailSchedulerService - ✅ Email sent to: arushi.goel@betterplace.co.in (1 / 3)
2025-11-10 23:37:12 [scheduling-1] INFO  c.c.R.s.EmailSchedulerService - 📨 Progress: 108/174 emails sent
2025-11-10 23:37:22 [scheduling-1] INFO  c.c.R.service.EmailService - Email sent successfully to: arushi.sawhney@e2eresearch.com
2025-11-10 23:37:22 [scheduling-1] INFO  c.c.R.s.EmailSchedulerService - ✅ Email sent to: arushi.sawhney@e2eresearch.com (1 / 3)
2025-11-10 23:37:22 [scheduling-1] INFO  c.c.R.s.EmailSchedulerService - 📨 Progress: 109/174 emails sent
2025-11-10 23:37:32 [scheduling-1] INFO  c.c.R.service.EmailService - Email sent successfully to: arvind.sadasivan@ekaplus.com
2025-11-10 23:37:32 [scheduling-1] INFO  c.c.R.s.EmailSchedulerService - ✅ Email sent to: arvind.sadasivan@ekaplus.com (1 / 3)
2025-11-10 23:37:32 [scheduling-1] INFO  c.c.R.s.EmailSchedulerService - 📨 Progress: 110/174 emails sent
2025-11-10 23:37:43 [scheduling-1] INFO  c.c.R.service.EmailService - Email sent successfully to: sharon@srinsofttech.com
2025-11-10 23:37:43 [scheduling-1] INFO  c.c.R.s.EmailSchedulerService - ✅ Email sent to: sharon@srinsofttech.com (1 / 3)
2025-11-10 23:37:43 [scheduling-1] INFO  c.c.R.s.EmailSchedulerService - 📨 Progress: 111/174 emails sent
2025-11-10 23:37:53 [scheduling-1] INFO  c.c.R.service.EmailService - Email sent successfully to: asha.j@unilogcorp.com
2025-11-10 23:37:53 [scheduling-1] INFO  c.c.R.s.EmailSchedulerService - ✅ Email sent to: asha.j@unilogcorp.com (1 / 3)
2025-11-10 23:37:53 [scheduling-1] INFO  c.c.R.s.EmailSchedulerService - 📨 Progress: 112/174 emails sent
2025-11-10 23:38:03 [scheduling-1] INFO  c.c.R.service.EmailService - Email sent successfully to: ashish.karnik@pavilion.io
2025-11-10 23:38:03 [scheduling-1] INFO  c.c.R.s.EmailSchedulerService - ✅ Email sent to: ashish.karnik@pavilion.io (1 / 3)
2025-11-10 23:38:03 [scheduling-1] INFO  c.c.R.s.EmailSchedulerService - 📨 Progress: 113/174 emails sent
2025-11-10 23:38:13 [scheduling-1] INFO  c.c.R.service.EmailService - Email sent successfully to: ashish.naidu@mindgate.in
2025-11-10 23:38:13 [scheduling-1] INFO  c.c.R.s.EmailSchedulerService - ✅ Email sent to: ashish.naidu@mindgate.in (1 / 3)
2025-11-10 23:38:13 [scheduling-1] INFO  c.c.R.s.EmailSchedulerService - 📨 Progress: 114/174 emails sent
2025-11-10 23:38:24 [scheduling-1] INFO  c.c.R.service.EmailService - Email sent successfully to: ashok@spenmo.com
2025-11-10 23:38:24 [scheduling-1] INFO  c.c.R.s.EmailSchedulerService - ✅ Email sent to: ashok@spenmo.com (1 / 3)
2025-11-10 23:38:24 [scheduling-1] INFO  c.c.R.s.EmailSchedulerService - 📨 Progress: 115/174 emails sent
2025-11-10 23:38:34 [scheduling-1] INFO  c.c.R.service.EmailService - Email sent successfully to: ashok.putsala@senecaglobal.com
2025-11-10 23:38:34 [scheduling-1] INFO  c.c.R.s.EmailSchedulerService - ✅ Email sent to: ashok.putsala@senecaglobal.com (1 / 3)
2025-11-10 23:38:34 [scheduling-1] INFO  c.c.R.s.EmailSchedulerService - 📨 Progress: 116/174 emails sent
2025-11-10 23:38:46 [scheduling-1] INFO  c.c.R.service.EmailService - Email sent successfully to: ashok.seshadri@objectfrontier.com
2025-11-10 23:38:46 [scheduling-1] INFO  c.c.R.s.EmailSchedulerService - ✅ Email sent to: ashok.seshadri@objectfrontier.com (1 / 3)
2025-11-10 23:38:46 [scheduling-1] INFO  c.c.R.s.EmailSchedulerService - 📨 Progress: 117/174 emails sent
2025-11-10 23:38:56 [scheduling-1] INFO  c.c.R.service.EmailService - Email sent successfully to: ashok.tripathy@bpoconvergence.com
2025-11-10 23:38:56 [scheduling-1] INFO  c.c.R.s.EmailSchedulerService - ✅ Email sent to: ashok.tripathy@bpoconvergence.com (1 / 3)
2025-11-10 23:38:56 [scheduling-1] INFO  c.c.R.s.EmailSchedulerService - 📨 Progress: 118/174 emails sent
2025-11-10 23:39:06 [scheduling-1] INFO  c.c.R.service.EmailService - Email sent successfully to: ashraf.kazi@simplifyhealthcare.com
2025-11-10 23:39:06 [scheduling-1] INFO  c.c.R.s.EmailSchedulerService - ✅ Email sent to: ashraf.kazi@simplifyhealthcare.com (1 / 3)
2025-11-10 23:39:06 [scheduling-1] INFO  c.c.R.s.EmailSchedulerService - 📨 Progress: 119/174 emails sent
2025-11-10 23:39:16 [scheduling-1] INFO  c.c.R.service.EmailService - Email sent successfully to: ashraf.mulla@qseap.com
2025-11-10 23:39:16 [scheduling-1] INFO  c.c.R.s.EmailSchedulerService - ✅ Email sent to: ashraf.mulla@qseap.com (1 / 3)
2025-11-10 23:39:16 [scheduling-1] INFO  c.c.R.s.EmailSchedulerService - 📨 Progress: 120/174 emails sent
2025-11-10 23:39:26 [scheduling-1] INFO  c.c.R.service.EmailService - Email sent successfully to: ashton.lawrie@iitms.co.in
2025-11-10 23:39:26 [scheduling-1] INFO  c.c.R.s.EmailSchedulerService - ✅ Email sent to: ashton.lawrie@iitms.co.in (1 / 3)
2025-11-10 23:39:26 [scheduling-1] INFO  c.c.R.s.EmailSchedulerService - 📨 Progress: 121/174 emails sent
2025-11-10 23:39:37 [scheduling-1] INFO  c.c.R.service.EmailService - Email sent successfully to: ashutosh@tuya.com
2025-11-10 23:39:37 [scheduling-1] INFO  c.c.R.s.EmailSchedulerService - ✅ Email sent to: ashutosh@tuya.com (1 / 3)
2025-11-10 23:39:37 [scheduling-1] INFO  c.c.R.s.EmailSchedulerService - 📨 Progress: 122/174 emails sent
2025-11-10 23:39:47 [scheduling-1] INFO  c.c.R.service.EmailService - Email sent successfully to: ashwanib@decisionminds.com
2025-11-10 23:39:47 [scheduling-1] INFO  c.c.R.s.EmailSchedulerService - ✅ Email sent to: ashwanib@decisionminds.com (1 / 3)
2025-11-10 23:39:47 [scheduling-1] INFO  c.c.R.s.EmailSchedulerService - 📨 Progress: 123/174 emails sent
2025-11-10 23:39:57 [scheduling-1] INFO  c.c.R.service.EmailService - Email sent successfully to: ashwani@successive.tech
2025-11-10 23:39:57 [scheduling-1] INFO  c.c.R.s.EmailSchedulerService - ✅ Email sent to: ashwani@successive.tech (1 / 3)
2025-11-10 23:39:57 [scheduling-1] INFO  c.c.R.s.EmailSchedulerService - 📨 Progress: 124/174 emails sent
2025-11-10 23:40:08 [scheduling-1] INFO  c.c.R.service.EmailService - Email sent successfully to: ashwin@suki.ai
2025-11-10 23:40:08 [scheduling-1] INFO  c.c.R.s.EmailSchedulerService - ✅ Email sent to: ashwin@suki.ai (1 / 3)
2025-11-10 23:40:08 [scheduling-1] INFO  c.c.R.s.EmailSchedulerService - 📨 Progress: 125/174 emails sent
2025-11-10 23:40:18 [scheduling-1] INFO  c.c.R.service.EmailService - Email sent successfully to: ashwini.ashok@eton-solutions.com
2025-11-10 23:40:18 [scheduling-1] INFO  c.c.R.s.EmailSchedulerService - ✅ Email sent to: ashwini.ashok@eton-solutions.com (1 / 3)
2025-11-10 23:40:18 [scheduling-1] INFO  c.c.R.s.EmailSchedulerService - 📨 Progress: 126/174 emails sent
2025-11-10 23:40:28 [scheduling-1] INFO  c.c.R.service.EmailService - Email sent successfully to: ashwini.janardhanan@kaleyra.com
2025-11-10 23:40:28 [scheduling-1] INFO  c.c.R.s.EmailSchedulerService - ✅ Email sent to: ashwini.janardhanan@kaleyra.com (1 / 3)
2025-11-10 23:40:28 [scheduling-1] INFO  c.c.R.s.EmailSchedulerService - 📨 Progress: 127/174 emails sent
2025-11-10 23:40:39 [scheduling-1] INFO  c.c.R.service.EmailService - Email sent successfully to: agoka@workfusion.com
2025-11-10 23:40:39 [scheduling-1] INFO  c.c.R.s.EmailSchedulerService - ✅ Email sent to: agoka@workfusion.com (1 / 3)
2025-11-10 23:40:39 [scheduling-1] INFO  c.c.R.s.EmailSchedulerService - 📨 Progress: 128/174 emails sent
2025-11-10 23:40:50 [scheduling-1] INFO  c.c.R.service.EmailService - Email sent successfully to: aswin@psrtek.com
2025-11-10 23:40:50 [scheduling-1] INFO  c.c.R.s.EmailSchedulerService - ✅ Email sent to: aswin@psrtek.com (1 / 3)
2025-11-10 23:40:50 [scheduling-1] INFO  c.c.R.s.EmailSchedulerService - 📨 Progress: 129/174 emails sent
2025-11-10 23:41:00 [scheduling-1] INFO  c.c.R.service.EmailService - Email sent successfully to: atin.karmokar@pentagon.co.in
2025-11-10 23:41:00 [scheduling-1] INFO  c.c.R.s.EmailSchedulerService - ✅ Email sent to: atin.karmokar@pentagon.co.in (1 / 3)
2025-11-10 23:41:00 [scheduling-1] INFO  c.c.R.s.EmailSchedulerService - 📨 Progress: 130/174 emails sent
2025-11-10 23:41:10 [scheduling-1] INFO  c.c.R.service.EmailService - Email sent successfully to: atul.kanknala@craveinfotech.com
2025-11-10 23:41:10 [scheduling-1] INFO  c.c.R.s.EmailSchedulerService - ✅ Email sent to: atul.kanknala@craveinfotech.com (1 / 3)
2025-11-10 23:41:10 [scheduling-1] INFO  c.c.R.s.EmailSchedulerService - 📨 Progress: 131/174 emails sent
2025-11-10 23:41:20 [scheduling-1] INFO  c.c.R.service.EmailService - Email sent successfully to: atul.pal@innefu.com
2025-11-10 23:41:20 [scheduling-1] INFO  c.c.R.s.EmailSchedulerService - ✅ Email sent to: atul.pal@innefu.com (1 / 3)
2025-11-10 23:41:20 [scheduling-1] INFO  c.c.R.s.EmailSchedulerService - 📨 Progress: 132/174 emails sent
2025-11-10 23:41:30 [scheduling-1] INFO  c.c.R.service.EmailService - Email sent successfully to: avinash@sedintechnologies.com
2025-11-10 23:41:30 [scheduling-1] INFO  c.c.R.s.EmailSchedulerService - ✅ Email sent to: avinash@sedintechnologies.com (1 / 3)
2025-11-10 23:41:30 [scheduling-1] INFO  c.c.R.s.EmailSchedulerService - 📨 Progress: 133/174 emails sent
2025-11-10 23:41:40 [scheduling-1] INFO  c.c.R.service.EmailService - Email sent successfully to: ayush.daryani@niftel.com
2025-11-10 23:41:40 [scheduling-1] INFO  c.c.R.s.EmailSchedulerService - ✅ Email sent to: ayush.daryani@niftel.com (1 / 3)
2025-11-10 23:41:40 [scheduling-1] INFO  c.c.R.s.EmailSchedulerService - 📨 Progress: 134/174 emails sent
2025-11-10 23:41:50 [scheduling-1] INFO  c.c.R.service.EmailService - Email sent successfully to: ayush.sinha@sugarboxnetworks.com
2025-11-10 23:41:50 [scheduling-1] INFO  c.c.R.s.EmailSchedulerService - ✅ Email sent to: ayush.sinha@sugarboxnetworks.com (1 / 3)
2025-11-10 23:41:50 [scheduling-1] INFO  c.c.R.s.EmailSchedulerService - 📨 Progress: 135/174 emails sent
2025-11-10 23:42:01 [scheduling-1] INFO  c.c.R.service.EmailService - Email sent successfully to: babitha.nambiar@opusconsulting.com
2025-11-10 23:42:01 [scheduling-1] INFO  c.c.R.s.EmailSchedulerService - ✅ Email sent to: babitha.nambiar@opusconsulting.com (1 / 3)
2025-11-10 23:42:01 [scheduling-1] INFO  c.c.R.s.EmailSchedulerService - 📨 Progress: 136/174 emails sent
2025-11-10 23:42:11 [scheduling-1] INFO  c.c.R.service.EmailService - Email sent successfully to: babu_thoppil@mahindrasatyam.com
2025-11-10 23:42:11 [scheduling-1] INFO  c.c.R.s.EmailSchedulerService - ✅ Email sent to: babu_thoppil@mahindrasatyam.com (1 / 3)
2025-11-10 23:42:11 [scheduling-1] INFO  c.c.R.s.EmailSchedulerService - 📨 Progress: 137/174 emails sent
2025-11-10 23:42:22 [scheduling-1] INFO  c.c.R.service.EmailService - Email sent successfully to: balaji@isourceindia.com
2025-11-10 23:42:22 [scheduling-1] INFO  c.c.R.s.EmailSchedulerService - ✅ Email sent to: balaji@isourceindia.com (1 / 3)
2025-11-10 23:42:22 [scheduling-1] INFO  c.c.R.s.EmailSchedulerService - 📨 Progress: 138/174 emails sent
2025-11-10 23:42:32 [scheduling-1] INFO  c.c.R.service.EmailService - Email sent successfully to: balaji.thiyagarajan@thirdware.com
2025-11-10 23:42:32 [scheduling-1] INFO  c.c.R.s.EmailSchedulerService - ✅ Email sent to: balaji.thiyagarajan@thirdware.com (1 / 3)
2025-11-10 23:42:32 [scheduling-1] INFO  c.c.R.s.EmailSchedulerService - 📨 Progress: 139/174 emails sent
2025-11-10 23:42:45 [scheduling-1] INFO  c.c.R.service.EmailService - Email sent successfully to: balakrishna.shetty@genisys-group.com
2025-11-10 23:42:45 [scheduling-1] INFO  c.c.R.s.EmailSchedulerService - ✅ Email sent to: balakrishna.shetty@genisys-group.com (1 / 3)
2025-11-10 23:42:45 [scheduling-1] INFO  c.c.R.s.EmailSchedulerService - 📨 Progress: 140/174 emails sent
2025-11-10 23:42:55 [scheduling-1] INFO  c.c.R.service.EmailService - Email sent successfully to: balaraju.g@nslhub.com
2025-11-10 23:42:55 [scheduling-1] INFO  c.c.R.s.EmailSchedulerService - ✅ Email sent to: balaraju.g@nslhub.com (1 / 3)
2025-11-10 23:42:55 [scheduling-1] INFO  c.c.R.s.EmailSchedulerService - 📨 Progress: 141/174 emails sent
2025-11-10 23:43:05 [scheduling-1] INFO  c.c.R.service.EmailService - Email sent successfully to: balesh@adarshsolutions.com
2025-11-10 23:43:05 [scheduling-1] INFO  c.c.R.s.EmailSchedulerService - ✅ Email sent to: balesh@adarshsolutions.com (1 / 3)
2025-11-10 23:43:05 [scheduling-1] INFO  c.c.R.s.EmailSchedulerService - 📨 Progress: 142/174 emails sent
2025-11-10 23:43:15 [scheduling-1] INFO  c.c.R.service.EmailService - Email sent successfully to: balneet.birah@netsolutions.com
2025-11-10 23:43:15 [scheduling-1] INFO  c.c.R.s.EmailSchedulerService - ✅ Email sent to: balneet.birah@netsolutions.com (1 / 3)
2025-11-10 23:43:15 [scheduling-1] INFO  c.c.R.s.EmailSchedulerService - 📨 Progress: 143/174 emails sent
2025-11-10 23:43:25 [scheduling-1] INFO  c.c.R.service.EmailService - Email sent successfully to: bandana@airditsoftware.com
2025-11-10 23:43:25 [scheduling-1] INFO  c.c.R.s.EmailSchedulerService - ✅ Email sent to: bandana@airditsoftware.com (1 / 3)
2025-11-10 23:43:25 [scheduling-1] INFO  c.c.R.s.EmailSchedulerService - 📨 Progress: 144/174 emails sent
2025-11-10 23:43:35 [scheduling-1] INFO  c.c.R.service.EmailService - Email sent successfully to: bandla.shyamprasad@terralogic.com
2025-11-10 23:43:35 [scheduling-1] INFO  c.c.R.s.EmailSchedulerService - ✅ Email sent to: bandla.shyamprasad@terralogic.com (1 / 3)
2025-11-10 23:43:35 [scheduling-1] INFO  c.c.R.s.EmailSchedulerService - 📨 Progress: 145/174 emails sent
2025-11-10 23:43:46 [scheduling-1] INFO  c.c.R.service.EmailService - Email sent successfully to: banmeet.kour@itbd.net
2025-11-10 23:43:46 [scheduling-1] INFO  c.c.R.s.EmailSchedulerService - ✅ Email sent to: banmeet.kour@itbd.net (1 / 3)
2025-11-10 23:43:46 [scheduling-1] INFO  c.c.R.s.EmailSchedulerService - 📨 Progress: 146/174 emails sent
2025-11-10 23:43:56 [scheduling-1] INFO  c.c.R.service.EmailService - Email sent successfully to: bagrawal@cpg-inc.com
2025-11-10 23:43:56 [scheduling-1] INFO  c.c.R.s.EmailSchedulerService - ✅ Email sent to: bagrawal@cpg-inc.com (1 / 3)
2025-11-10 23:43:56 [scheduling-1] INFO  c.c.R.s.EmailSchedulerService - 📨 Progress: 147/174 emails sent
2025-11-10 23:44:06 [scheduling-1] INFO  c.c.R.service.EmailService - Email sent successfully to: barkha@trellissoft.ai
2025-11-10 23:44:06 [scheduling-1] INFO  c.c.R.s.EmailSchedulerService - ✅ Email sent to: barkha@trellissoft.ai (1 / 3)
2025-11-10 23:44:06 [scheduling-1] INFO  c.c.R.s.EmailSchedulerService - 📨 Progress: 148/174 emails sent
2025-11-10 23:44:17 [scheduling-1] INFO  c.c.R.service.EmailService - Email sent successfully to: barkha@wobot.ai
2025-11-10 23:44:17 [scheduling-1] INFO  c.c.R.s.EmailSchedulerService - ✅ Email sent to: barkha@wobot.ai (1 / 3)
2025-11-10 23:44:17 [scheduling-1] INFO  c.c.R.s.EmailSchedulerService - 📨 Progress: 149/174 emails sent
2025-11-10 23:44:27 [scheduling-1] INFO  c.c.R.service.EmailService - Email sent successfully to: basava@kamivision.com
2025-11-10 23:44:27 [scheduling-1] INFO  c.c.R.s.EmailSchedulerService - ✅ Email sent to: basava@kamivision.com (1 / 3)
2025-11-10 23:44:27 [scheduling-1] INFO  c.c.R.s.EmailSchedulerService - 📨 Progress: 150/174 emails sent
2025-11-10 23:44:37 [scheduling-1] INFO  c.c.R.service.EmailService - Email sent successfully to: batool.ali@electriphi.ai
2025-11-10 23:44:37 [scheduling-1] INFO  c.c.R.s.EmailSchedulerService - ✅ Email sent to: batool.ali@electriphi.ai (1 / 3)
2025-11-10 23:44:37 [scheduling-1] INFO  c.c.R.s.EmailSchedulerService - 📨 Progress: 151/174 emails sent
2025-11-10 23:44:48 [scheduling-1] INFO  c.c.R.service.EmailService - Email sent successfully to: bedisha@reward360.co
2025-11-10 23:44:48 [scheduling-1] INFO  c.c.R.s.EmailSchedulerService - ✅ Email sent to: bedisha@reward360.co (1 / 3)
2025-11-10 23:44:48 [scheduling-1] INFO  c.c.R.s.EmailSchedulerService - 📨 Progress: 152/174 emails sent
2025-11-10 23:45:06 [scheduling-1] ERROR c.c.R.s.EmailSchedulerService - ❌ Attempt 1/3 failed to send to benoy.koshy@sisainfosec.com: Failed messages: jakarta.mail.MessagingException: Exception reading response;
  nested exception is:
	java.net.SocketTimeoutException: Read timed out
2025-11-10 23:45:17 [scheduling-1] INFO  c.c.R.service.EmailService - Email sent successfully to: benoy.koshy@sisainfosec.com
2025-11-10 23:45:17 [scheduling-1] INFO  c.c.R.s.EmailSchedulerService - ✅ Email sent to: benoy.koshy@sisainfosec.com (2 / 3)
2025-11-10 23:45:17 [scheduling-1] INFO  c.c.R.s.EmailSchedulerService - 📨 Progress: 153/174 emails sent
2025-11-10 23:45:27 [scheduling-1] INFO  c.c.R.service.EmailService - Email sent successfully to: bensely.zachariah@fulcrumdigital.com
2025-11-10 23:45:27 [scheduling-1] INFO  c.c.R.s.EmailSchedulerService - ✅ Email sent to: bensely.zachariah@fulcrumdigital.com (1 / 3)
2025-11-10 23:45:27 [scheduling-1] INFO  c.c.R.s.EmailSchedulerService - 📨 Progress: 154/174 emails sent
2025-11-10 23:45:37 [scheduling-1] INFO  c.c.R.service.EmailService - Email sent successfully to: bensley.zachariah@fulcrumdigital.com
2025-11-10 23:45:37 [scheduling-1] INFO  c.c.R.s.EmailSchedulerService - ✅ Email sent to: bensley.zachariah@fulcrumdigital.com (1 / 3)
2025-11-10 23:45:37 [scheduling-1] INFO  c.c.R.s.EmailSchedulerService - 📨 Progress: 155/174 emails sent
2025-11-10 23:45:47 [scheduling-1] INFO  c.c.R.service.EmailService - Email sent successfully to: benson.mendez@microobjects.net
2025-11-10 23:45:47 [scheduling-1] INFO  c.c.R.s.EmailSchedulerService - ✅ Email sent to: benson.mendez@microobjects.net (1 / 3)
2025-11-10 23:45:47 [scheduling-1] INFO  c.c.R.s.EmailSchedulerService - 📨 Progress: 156/174 emails sent
2025-11-10 23:45:57 [scheduling-1] INFO  c.c.R.service.EmailService - Email sent successfully to: bhakti.dharod@idfy.com
2025-11-10 23:45:57 [scheduling-1] INFO  c.c.R.s.EmailSchedulerService - ✅ Email sent to: bhakti.dharod@idfy.com (1 / 3)
2025-11-10 23:45:57 [scheduling-1] INFO  c.c.R.s.EmailSchedulerService - 📨 Progress: 157/174 emails sent
2025-11-10 23:46:07 [scheduling-1] INFO  c.c.R.service.EmailService - Email sent successfully to: bharat.bhartia@workindia.in
2025-11-10 23:46:07 [scheduling-1] INFO  c.c.R.s.EmailSchedulerService - ✅ Email sent to: bharat.bhartia@workindia.in (1 / 3)
2025-11-10 23:46:07 [scheduling-1] INFO  c.c.R.s.EmailSchedulerService - 📨 Progress: 158/174 emails sent
2025-11-10 23:46:17 [scheduling-1] INFO  c.c.R.service.EmailService - Email sent successfully to: bharat@ka-nex.com
2025-11-10 23:46:17 [scheduling-1] INFO  c.c.R.s.EmailSchedulerService - ✅ Email sent to: bharat@ka-nex.com (1 / 3)
2025-11-10 23:46:17 [scheduling-1] INFO  c.c.R.s.EmailSchedulerService - 📨 Progress: 159/174 emails sent
2025-11-10 23:46:28 [scheduling-1] INFO  c.c.R.service.EmailService - Email sent successfully to: bravipati@appstekcorp.com
2025-11-10 23:46:28 [scheduling-1] INFO  c.c.R.s.EmailSchedulerService - ✅ Email sent to: bravipati@appstekcorp.com (1 / 3)
2025-11-10 23:46:28 [scheduling-1] INFO  c.c.R.s.EmailSchedulerService - 📨 Progress: 160/174 emails sent
2025-11-10 23:46:38 [scheduling-1] INFO  c.c.R.service.EmailService - Email sent successfully to: bhargavic@aissel.com
2025-11-10 23:46:38 [scheduling-1] INFO  c.c.R.s.EmailSchedulerService - ✅ Email sent to: bhargavic@aissel.com (1 / 3)
2025-11-10 23:46:38 [scheduling-1] INFO  c.c.R.s.EmailSchedulerService - 📨 Progress: 161/174 emails sent
2025-11-10 23:46:49 [scheduling-1] INFO  c.c.R.service.EmailService - Email sent successfully to: bharti.negi@edifecs.com
2025-11-10 23:46:49 [scheduling-1] INFO  c.c.R.s.EmailSchedulerService - ✅ Email sent to: bharti.negi@edifecs.com (1 / 3)
2025-11-10 23:46:49 [scheduling-1] INFO  c.c.R.s.EmailSchedulerService - 📨 Progress: 162/174 emails sent
2025-11-10 23:46:59 [scheduling-1] INFO  c.c.R.service.EmailService - Email sent successfully to: bhavana@netcore.co.in
2025-11-10 23:46:59 [scheduling-1] INFO  c.c.R.s.EmailSchedulerService - ✅ Email sent to: bhavana@netcore.co.in (1 / 3)
2025-11-10 23:46:59 [scheduling-1] INFO  c.c.R.s.EmailSchedulerService - 📨 Progress: 163/174 emails sent
2025-11-10 23:47:09 [scheduling-1] INFO  c.c.R.service.EmailService - Email sent successfully to: bkaklotar@diabsolut.com
2025-11-10 23:47:09 [scheduling-1] INFO  c.c.R.s.EmailSchedulerService - ✅ Email sent to: bkaklotar@diabsolut.com (1 / 3)
2025-11-10 23:47:09 [scheduling-1] INFO  c.c.R.s.EmailSchedulerService - 📨 Progress: 164/174 emails sent
2025-11-10 23:47:20 [scheduling-1] INFO  c.c.R.service.EmailService - Email sent successfully to: bhavik@games2win.com
2025-11-10 23:47:20 [scheduling-1] INFO  c.c.R.s.EmailSchedulerService - ✅ Email sent to: bhavik@games2win.com (1 / 3)
2025-11-10 23:47:20 [scheduling-1] INFO  c.c.R.s.EmailSchedulerService - 📨 Progress: 165/174 emails sent
2025-11-10 23:47:31 [scheduling-1] INFO  c.c.R.service.EmailService - Email sent successfully to: bhavika.sheth@itcgindia.com
2025-11-10 23:47:31 [scheduling-1] INFO  c.c.R.s.EmailSchedulerService - ✅ Email sent to: bhavika.sheth@itcgindia.com (1 / 3)
2025-11-10 23:47:31 [scheduling-1] INFO  c.c.R.s.EmailSchedulerService - 📨 Progress: 166/174 emails sent
2025-11-10 23:47:41 [scheduling-1] INFO  c.c.R.service.EmailService - Email sent successfully to: bhavin@mydukaan.io
2025-11-10 23:47:41 [scheduling-1] INFO  c.c.R.s.EmailSchedulerService - ✅ Email sent to: bhavin@mydukaan.io (1 / 3)
2025-11-10 23:47:41 [scheduling-1] INFO  c.c.R.s.EmailSchedulerService - 📨 Progress: 167/174 emails sent
2025-11-10 23:47:51 [scheduling-1] INFO  c.c.R.service.EmailService - Email sent successfully to: bhavya@supplywisdom.com
2025-11-10 23:47:51 [scheduling-1] INFO  c.c.R.s.EmailSchedulerService - ✅ Email sent to: bhavya@supplywisdom.com (1 / 3)
2025-11-10 23:47:51 [scheduling-1] INFO  c.c.R.s.EmailSchedulerService - 📨 Progress: 168/174 emails sent
2025-11-10 23:48:01 [scheduling-1] INFO  c.c.R.service.EmailService - Email sent successfully to: bhawna@weexcel.in
2025-11-10 23:48:01 [scheduling-1] INFO  c.c.R.s.EmailSchedulerService - ✅ Email sent to: bhawna@weexcel.in (1 / 3)
2025-11-10 23:48:01 [scheduling-1] INFO  c.c.R.s.EmailSchedulerService - 📨 Progress: 169/174 emails sent
2025-11-10 23:48:11 [scheduling-1] INFO  c.c.R.service.EmailService - Email sent successfully to: bhupesh.wasmatkar@verse.in
2025-11-10 23:48:11 [scheduling-1] INFO  c.c.R.s.EmailSchedulerService - ✅ Email sent to: bhupesh.wasmatkar@verse.in (1 / 3)
2025-11-10 23:48:11 [scheduling-1] INFO  c.c.R.s.EmailSchedulerService - 📨 Progress: 170/174 emails sent
2025-11-10 23:48:22 [scheduling-1] INFO  c.c.R.service.EmailService - Email sent successfully to: biju.v@inapp.com
2025-11-10 23:48:22 [scheduling-1] INFO  c.c.R.s.EmailSchedulerService - ✅ Email sent to: biju.v@inapp.com (1 / 3)
2025-11-10 23:48:22 [scheduling-1] INFO  c.c.R.s.EmailSchedulerService - 📨 Progress: 171/174 emails sent
2025-11-10 23:48:32 [scheduling-1] INFO  c.c.R.service.EmailService - Email sent successfully to: bikram.dash@tatwa.info
2025-11-10 23:48:32 [scheduling-1] INFO  c.c.R.s.EmailSchedulerService - ✅ Email sent to: bikram.dash@tatwa.info (1 / 3)
2025-11-10 23:48:32 [scheduling-1] INFO  c.c.R.s.EmailSchedulerService - 📨 Progress: 172/174 emails sent
2025-11-10 23:48:42 [scheduling-1] INFO  c.c.R.service.EmailService - Email sent successfully to: bindu.krishnan@ospyn.com
2025-11-10 23:48:42 [scheduling-1] INFO  c.c.R.s.EmailSchedulerService - ✅ Email sent to: bindu.krishnan@ospyn.com (1 / 3)
2025-11-10 23:48:42 [scheduling-1] INFO  c.c.R.s.EmailSchedulerService - 📨 Progress: 173/174 emails sent
2025-11-10 23:48:53 [scheduling-1] INFO  c.c.R.service.EmailService - Email sent successfully to: binoy.varghese@rgigroup.com
2025-11-10 23:48:53 [scheduling-1] INFO  c.c.R.s.EmailSchedulerService - ✅ Email sent to: binoy.varghese@rgigroup.com (1 / 3)
2025-11-10 23:48:53 [scheduling-1] INFO  c.c.R.s.EmailSchedulerService - 📨 Progress: 174/174 emails sent
2025-11-10 23:48:58 [scheduling-1] INFO  c.c.R.s.EmailSchedulerService - ✅ All emails have been sent. Shutting down...
2025-11-10 23:48:58 [scheduling-1] INFO  c.c.R.s.EmailSchedulerService - 🟢 Email sending completed. Preparing to shut down application...
2025-11-10 23:49:03 [scheduling-1] INFO  c.c.R.s.EmailSchedulerService - ✅ All emails have been sent. Shutting down...
2025-11-10 23:49:03 [scheduling-1] INFO  c.c.R.s.EmailSchedulerService - 🟢 Email sending completed. Preparing to shut down application...
2025-11-10 23:49:03 [Thread-7] INFO  org.quartz.core.QuartzScheduler - Scheduler quartzScheduler_$_NON_CLUSTERED paused.
2025-11-10 23:49:03 [Thread-7] INFO  o.s.b.w.e.tomcat.GracefulShutdown - Commencing graceful shutdown. Waiting for active requests to complete
2025-11-10 23:49:03 [tomcat-shutdown] INFO  o.s.b.w.e.tomcat.GracefulShutdown - Graceful shutdown complete
2025-11-10 23:49:03 [Thread-7] INFO  o.s.s.quartz.SchedulerFactoryBean - Shutting down Quartz Scheduler
2025-11-10 23:49:03 [Thread-7] INFO  org.quartz.core.QuartzScheduler - Scheduler quartzScheduler_$_NON_CLUSTERED shutting down.
2025-11-10 23:49:03 [Thread-7] INFO  org.quartz.core.QuartzScheduler - Scheduler quartzScheduler_$_NON_CLUSTERED paused.
2025-11-10 23:49:03 [Thread-7] INFO  org.quartz.core.QuartzScheduler - Scheduler quartzScheduler_$_NON_CLUSTERED shutdown complete.
